Modules list:
-------------
lnxheader.o:
    LNXHDR            Offs=000000  Size=000040  Align=00001  Fill=0000
directory.o:
    DIRECTORY         Offs=000000  Size=000018  Align=00001  Fill=0000
main.o:
    CODE              Offs=000000  Size=0000BE  Align=00001  Fill=0000
    BSS               Offs=000000  Size=000006  Align=00001  Fill=0000
game.o:
    GAME_RODATA       Offs=000000  Size=00000C  Align=00001  Fill=0000
    GAME_BSS          Offs=000000  Size=000007  Align=00001  Fill=0000
    GAME_CODE         Offs=000000  Size=0000BD  Align=00001  Fill=0000
vbl.o:
    CODE              Offs=0000BE  Size=000029  Align=00001  Fill=0000
encrypt1024.o:
    LOADER            Offs=000000  Size=00019A  Align=00001  Fill=0000
title.o:
    TITLESCR          Offs=000000  Size=00084B  Align=00001  Fill=0000
/usr/share/cc65/lib/lynx.lib(_directerrno.o):
    CODE              Offs=0000E7  Size=000009  Align=00001  Fill=0000
/usr/share/cc65/lib/lynx.lib(_oserror.o):
    BSS               Offs=000006  Size=000001  Align=00001  Fill=0000
/usr/share/cc65/lib/lynx.lib(_seterrno.o):
    CODE              Offs=0000F0  Size=000009  Align=00001  Fill=0000
/usr/share/cc65/lib/lynx.lib(addysp.o):
    CODE              Offs=0000F9  Size=00000E  Align=00001  Fill=0000
/usr/share/cc65/lib/lynx.lib(aslax3.o):
    CODE              Offs=000107  Size=00000E  Align=00001  Fill=0000
/usr/share/cc65/lib/lynx.lib(atoi.o):
    CODE              Offs=000115  Size=000091  Align=00001  Fill=0000
/usr/share/cc65/lib/lynx.lib(axlong.o):
    CODE              Offs=0001A6  Size=00000D  Align=00001  Fill=0000
/usr/share/cc65/lib/lynx.lib(callirq.o):
    DATA              Offs=000000  Size=00001E  Align=00001  Fill=0000
/usr/share/cc65/lib/lynx.lib(callmain.o):
    CODE              Offs=0001B3  Size=000017  Align=00001  Fill=0000
    DATA              Offs=00001E  Size=000004  Align=00001  Fill=0000
/usr/share/cc65/lib/lynx.lib(cgetc.o):
    CODE              Offs=0001CA  Size=000053  Align=00001  Fill=0000
/usr/share/cc65/lib/lynx.lib(condes.o):
    CODE              Offs=00021D  Size=00000C  Align=00001  Fill=0000
    DATA              Offs=000022  Size=000025  Align=00001  Fill=0000
    ONCE              Offs=000000  Size=00000C  Align=00001  Fill=0000
/usr/share/cc65/lib/lynx.lib(crt0.o):
    RODATA            Offs=000000  Size=00002C  Align=00001  Fill=0000
    STARTUP           Offs=000000  Size=00006D  Align=00001  Fill=0000
/usr/share/cc65/lib/lynx.lib(ctype.o):
    RODATA            Offs=00002C  Size=00008B  Align=00001  Fill=0000
/usr/share/cc65/lib/lynx.lib(ctypemask.o):
    CODE              Offs=000229  Size=00001E  Align=00001  Fill=0000
/usr/share/cc65/lib/lynx.lib(decax1.o):
    CODE              Offs=000247  Size=000007  Align=00001  Fill=0000
/usr/share/cc65/lib/lynx.lib(decsp4.o):
    CODE              Offs=00024E  Size=00000D  Align=00001  Fill=0000
/usr/share/cc65/lib/lynx.lib(decsp6.o):
    CODE              Offs=00025B  Size=00000D  Align=00001  Fill=0000
/usr/share/cc65/lib/lynx.lib(eeprom46.o):
    CODE              Offs=000268  Size=0000DF  Align=00001  Fill=0000
/usr/share/cc65/lib/lynx.lib(errno.o):
    BSS               Offs=000007  Size=000002  Align=00001  Fill=0000
/usr/share/cc65/lib/lynx.lib(extzp.o):
    EXTZP             Offs=000000  Size=000011  Align=00001  Fill=0000
/usr/share/cc65/lib/lynx.lib(imul16x16r32.o):
    CODE              Offs=000347  Size=00002B  Align=00001  Fill=0000
/usr/share/cc65/lib/lynx.lib(incsp2.o):
    CODE              Offs=000372  Size=000015  Align=00001  Fill=0000
/usr/share/cc65/lib/lynx.lib(incsp4.o):
    CODE              Offs=000387  Size=000005  Align=00001  Fill=0000
/usr/share/cc65/lib/lynx.lib(incsp6.o):
    CODE              Offs=00038C  Size=000005  Align=00001  Fill=0000
/usr/share/cc65/lib/lynx.lib(incsp8.o):
    CODE              Offs=000391  Size=000005  Align=00001  Fill=0000
/usr/share/cc65/lib/lynx.lib(irq.o):
    CODE              Offs=000396  Size=000001  Align=00001  Fill=0000
    ONCE              Offs=00000C  Size=00000D  Align=00001  Fill=0000
    LOWCODE           Offs=000000  Size=000010  Align=00001  Fill=0000
/usr/share/cc65/lib/lynx.lib(joy-kernel.o):
    CODE              Offs=000397  Size=00004D  Align=00001  Fill=0000
    RODATA            Offs=0000B7  Size=000004  Align=00001  Fill=0000
    BSS               Offs=000009  Size=000002  Align=00001  Fill=0000
    DATA              Offs=000047  Size=00000C  Align=00001  Fill=0000
/usr/share/cc65/lib/lynx.lib(joy_read.o):
/usr/share/cc65/lib/lynx.lib(joy_stat_stddrv.o):
/usr/share/cc65/lib/lynx.lib(kbhit.o):
    CODE              Offs=0003E4  Size=000038  Align=00001  Fill=0000
    DATA              Offs=000053  Size=000006  Align=00001  Fill=0000
/usr/share/cc65/lib/lynx.lib(ladd.o):
    CODE              Offs=00041C  Size=000024  Align=00001  Fill=0000
/usr/share/cc65/lib/lynx.lib(land.o):
    CODE              Offs=000440  Size=000021  Align=00001  Fill=0000
/usr/share/cc65/lib/lynx.lib(lasr.o):
    CODE              Offs=000461  Size=00001E  Align=00001  Fill=0000
/usr/share/cc65/lib/lynx.lib(ldaxsp.o):
    CODE              Offs=00047F  Size=000009  Align=00001  Fill=0000
/usr/share/cc65/lib/lynx.lib(ldeaxysp.o):
    CODE              Offs=000488  Size=000013  Align=00001  Fill=0000
/usr/share/cc65/lib/lynx.lib(libref.o):
/usr/share/cc65/lib/lynx.lib(lneg.o):
    CODE              Offs=00049B  Size=00001E  Align=00001  Fill=0000
/usr/share/cc65/lib/lynx.lib(load.o):
    CODE              Offs=0004B9  Size=00001F  Align=00001  Fill=0000
/usr/share/cc65/lib/lynx.lib(lpop.o):
    CODE              Offs=0004D8  Size=000014  Align=00001  Fill=0000
/usr/share/cc65/lib/lynx.lib(lpush.o):
    CODE              Offs=0004EC  Size=00001E  Align=00001  Fill=0000
/usr/share/cc65/lib/lynx.lib(lseek.o):
    CODE              Offs=00050A  Size=00003C  Align=00001  Fill=0000
/usr/share/cc65/lib/lynx.lib(lynx-cart.o):
    CODE              Offs=000546  Size=00005E  Align=00001  Fill=0000
/usr/share/cc65/lib/lynx.lib(negabs.o):
    CODE              Offs=0005A4  Size=000012  Align=00001  Fill=0000
/usr/share/cc65/lib/lynx.lib(open.o):
    CODE              Offs=0005B6  Size=000098  Align=00001  Fill=0000
    DATA              Offs=000059  Size=000004  Align=00001  Fill=0000
/usr/share/cc65/lib/lynx.lib(popa.o):
    CODE              Offs=00064E  Size=00000A  Align=00001  Fill=0000
/usr/share/cc65/lib/lynx.lib(pusha.o):
    CODE              Offs=000658  Size=000016  Align=00001  Fill=0000
/usr/share/cc65/lib/lynx.lib(pushax.o):
    CODE              Offs=00066E  Size=00001A  Align=00001  Fill=0000
/usr/share/cc65/lib/lynx.lib(read.o):
    CODE              Offs=000688  Size=000021  Align=00001  Fill=0000
/usr/share/cc65/lib/lynx.lib(staxsp.o):
    CODE              Offs=0006A9  Size=00000B  Align=00001  Fill=0000
/usr/share/cc65/lib/lynx.lib(steaxsp.o):
    CODE              Offs=0006B4  Size=000015  Align=00001  Fill=0000
/usr/share/cc65/lib/lynx.lib(strlen.o):
    CODE              Offs=0006C9  Size=000016  Align=00001  Fill=0000
/usr/share/cc65/lib/lynx.lib(tgi-kernel.o):
    CODE              Offs=0006DF  Size=00007F  Align=00001  Fill=0000
    RODATA            Offs=0000BB  Size=000004  Align=00001  Fill=0000
    BSS               Offs=00000B  Size=000028  Align=00001  Fill=0000
    DATA              Offs=00005D  Size=000039  Align=00001  Fill=0000
/usr/share/cc65/lib/lynx.lib(tgi_clear.o):
/usr/share/cc65/lib/lynx.lib(tgi_clippedline.o):
    CODE              Offs=00075E  Size=0001E3  Align=00001  Fill=0000
    BSS               Offs=000033  Size=000008  Align=00001  Fill=0000
/usr/share/cc65/lib/lynx.lib(tgi_colors.o):
/usr/share/cc65/lib/lynx.lib(tgi_curtoxy.o):
    CODE              Offs=000941  Size=000015  Align=00001  Fill=0000
/usr/share/cc65/lib/lynx.lib(tgi_done.o):
    CODE              Offs=000956  Size=00000E  Align=00001  Fill=0000
/usr/share/cc65/lib/lynx.lib(tgi_gettextwidth.o):
    CODE              Offs=000964  Size=000057  Align=00001  Fill=0000
/usr/share/cc65/lib/lynx.lib(tgi_getxres.o):
    CODE              Offs=0009BB  Size=000007  Align=00001  Fill=0000
/usr/share/cc65/lib/lynx.lib(tgi_getyres.o):
    CODE              Offs=0009C2  Size=000007  Align=00001  Fill=0000
/usr/share/cc65/lib/lynx.lib(tgi_imulround.o):
    CODE              Offs=0009C9  Size=000025  Align=00001  Fill=0000
/usr/share/cc65/lib/lynx.lib(tgi_init.o):
    CODE              Offs=0009EE  Size=000058  Align=00001  Fill=0000
/usr/share/cc65/lib/lynx.lib(tgi_ioctl.o):
    CODE              Offs=000A46  Size=00000A  Align=00001  Fill=0000
/usr/share/cc65/lib/lynx.lib(tgi_irq.o):
    DATA              Offs=000096  Size=000003  Align=00001  Fill=0000
/usr/share/cc65/lib/lynx.lib(tgi_outcode.o):
    CODE              Offs=000A50  Size=000041  Align=00001  Fill=0000
    BSS               Offs=00003B  Size=000008  Align=00001  Fill=0000
/usr/share/cc65/lib/lynx.lib(tgi_outtext.o):
    CODE              Offs=000A91  Size=000091  Align=00001  Fill=0000
/usr/share/cc65/lib/lynx.lib(tgi_outtextxy.o):
    CODE              Offs=000B22  Size=000021  Align=00001  Fill=0000
/usr/share/cc65/lib/lynx.lib(tgi_setcolor.o):
    CODE              Offs=000B43  Size=000013  Align=00001  Fill=0000
/usr/share/cc65/lib/lynx.lib(tgi_settextstyle.o):
    CODE              Offs=000B56  Size=000042  Align=00001  Fill=0000
/usr/share/cc65/lib/lynx.lib(tgi_stat_stddrv.o):
/usr/share/cc65/lib/lynx.lib(tgi_vectorchar.o):
    CODE              Offs=000B98  Size=0000D5  Align=00001  Fill=0000
    BSS               Offs=000043  Size=000008  Align=00001  Fill=0000
/usr/share/cc65/lib/lynx.lib(toascii.o):
    CODE              Offs=000C6D  Size=000003  Align=00001  Fill=0000
/usr/share/cc65/lib/lynx.lib(udiv32by16r16.o):
    CODE              Offs=000C70  Size=000031  Align=00001  Fill=0000
/usr/share/cc65/lib/lynx.lib(umul16x16r32.o):
    CODE              Offs=000CA1  Size=00002C  Align=00001  Fill=0000
/usr/share/cc65/lib/lynx.lib(umul8x16r24.o):
    CODE              Offs=000CCD  Size=00002B  Align=00001  Fill=0000
/usr/share/cc65/lib/lynx.lib(zerobss.o):
    CODE              Offs=000CF8  Size=000023  Align=00001  Fill=0000
/usr/share/cc65/lib/lynx.lib(zeropage.o):
    ZEROPAGE          Offs=000000  Size=00001A  Align=00001  Fill=0000
/usr/share/cc65/lib/lynx.lib(lynx-stdjoy-joy.o):
    CODE              Offs=000D1B  Size=000011  Align=00001  Fill=0000
    DATA              Offs=000099  Size=00000E  Align=00001  Fill=0000
/usr/share/cc65/lib/lynx.lib(lynx-160-102-16-tgi.o):
    CODE              Offs=000D2C  Size=00039E  Align=00001  Fill=0000
    RODATA            Offs=0000BF  Size=000324  Align=00001  Fill=0000
    BSS               Offs=00004B  Size=0000BD  Align=00001  Fill=0000
    DATA              Offs=0000A7  Size=000090  Align=00001  Fill=0000


Segment list:
-------------
Name                   Start     End    Size  Align
----------------------------------------------------
DIRECTORY             000000  000017  000018  00001
LNXHDR                000000  00003F  000040  00001
LOADER                000000  000199  00019A  00001
ZEROPAGE              000000  000019  00001A  00001
EXTZP                 00001A  00002A  000011  00001
GAME_CODE             000200  0002BC  0000BD  00001
GAME_RODATA           0002BD  0002C8  00000C  00001
GAME_BSS              0002C9  0002CF  000007  00001
TITLESCR              002400  002C4A  00084B  00001
STARTUP               003E38  003EA4  00006D  00001
LOWCODE               003EA5  003EB4  000010  00001
ONCE                  003EB5  003ECF  00001B  00001
CODE                  003ED0  004F99  0010CA  00001
RODATA                004F9A  005382  0003E9  00001
DATA                  005383  0054B9  000137  00001
BSS                   0054BA  0055C1  000108  00001


Exports list by name:
---------------------
KBEDG                     0053D8 RLA    KBSTL                     0053D9 RLA    
_FileBlockByte            000027 RLZ    _FileBlockOffset          00001F RLZ    
_FileCurrBlock            000026 RLZ    _FileDestAddr             000022 RLZ    
_FileDestPtr              000029 RLZ    _FileEntry                00001E RLZ    
_FileFileLen              000024 RLZ    _FileStartBlock           00001E RLZ    
_GAME_FILENR              000002 REA    __BANK0BLOCKSIZE__        000400 REA    
__BLOCKSIZE__             000400 REA    __BSS_RUN__               0054BA RLA    
__BSS_SIZE__              000108 REA    __CALLIRQ__               000001 REA    
__CODE_SIZE__             0010CA REA    __CONSTRUCTOR_COUNT__     000001 REA    
__CONSTRUCTOR_TABLE__     003ECE RLA    __DATA_SIZE__             000137 REA    
__DESTRUCTOR_COUNT__      000001 REA    __DESTRUCTOR_TABLE__      00537D RLA    
__GAME_CODE_LOAD__        000200 RLA    __GAME_CODE_SIZE__        0000BD REA    
__GAME_DATA_SIZE__        000000 REA    __GAME_RODATA_SIZE__      00000C REA    
__INTERRUPTOR_COUNT__     000002 REA    __INTERRUPTOR_TABLE__     00537F RLA    
__LNXHDR__                000001 REA    __LOADER_SIZE__           00019A REA    
__LOWCODE_SIZE__          000010 REA    __MAIN_SIZE__             007A00 REA    
__MAIN_START__            003E38 RLA    __ONCE_SIZE__             00001B REA    
__RODATA_SIZE__           0003E9 REA    __STACKSIZE__             000800 REA    
__STARTOFDIRECTORY__      00019A REA    __STARTUP_SIZE__          00006D REA    
__STARTUP__               000001 REA    __TITLE_SIZE__            00084B REA    
__TITLE_START__           002400 RLA    ___directerrno            003FB7 RLA    
___errno                  0054C1 RLA    ___oserror                0054C0 RLA    
___seterrno               003FC0 RLA    __ctype                   004FC6 RLA    
__ctypeidx                004FD1 RLA    __iodat                   00001A RLZ    
__iodir                   00001B RLZ    __sprsys                  00001D RLZ    
__viddma                  00001C RLZ    _atoi                     003FE5 RLA    
_cgetc                    00409A RLA    _exit                     003EA0 RLA    
_framecount               003F8E RLA    _halted                   0054BD RLA    
_joy                      0054BA RLA    _joy_install              004267 RLA    
_joy_read                 0053D3 REA    _joy_static_stddrv        00541C RLA    
_kbhit                    0042B4 RLA    _lseek                    0043DA RLA    
_lynx_160_102_16_tgi      00542A RLA    _lynx_eeread_93c46        004138 RLA    
_lynx_eewrite_93c46       00417C RLA    _lynx_load                004389 RLA    
_lynx_stdjoy_joy          00541C RLA    _main                     003F73 RLA    
_old_joy                  0054BB RLA    _openn                    0044B7 RLA    
_play_game                000200 RLA    _read                     004558 RLA    
_read_input               003ED0 RLA    _reset                    0054BC RLA    
_strlen                   004599 RLA    _tgi_charwidth            0054D6 RLA    
_tgi_clear                0053F2 REA    _tgi_color                0054CD RLA    
_tgi_colorcount           0054E6 RLA    _tgi_curx                 0054C9 RLA    
_tgi_cury                 0054CB RLA    _tgi_done                 004826 RLA    
_tgi_error                0054C7 RLA    _tgi_flags                0054EC RLA    
_tgi_font                 0054CE RLA    _tgi_fontheight           0054E9 RLA    
_tgi_fontwidth            0054E8 RLA    _tgi_gettextwidth         004834 RLA    
_tgi_getxres              00488B RLA    _tgi_getyres              004892 RLA    
_tgi_gmode                0054C8 RLA    _tgi_init                 0048BE RLA    
_tgi_install              0045AF RLA    _tgi_ioctl                004916 RLA    
_tgi_outtext              004961 RLA    _tgi_outtextxy            0049F2 RLA    
_tgi_setcolor             004A13 RLA    _tgi_settextstyle         004A26 RLA    
_tgi_static_stddrv        00542A RLA    _tgi_textdir              0054CF RLA    
_tgi_textscaleh           0054D8 RLA    _tgi_textscalew           0054D2 RLA    
_tgi_vectorchar           004AAA RLA    _tgi_vectorfont           0054D0 RLA    
_tgi_xmax                 0054DE RLA    _tgi_xres                 0054E2 RLA    
_tgi_ymax                 0054E0 RLA    _tgi_yres                 0054E4 RLA    
_toascii                  004B3D RLA    _vbl                      003F91  LAI   
addysp                    003FCA RLA    addysp1                   003FC9 RLA    
aslax3                    003FD7 RLA    axlong                    004076 RLA    
callirq                   005383 RLA    callmain                  004083 RLA    
ctypemaskdirect           0040FD RLA    decax1                    004117 RLA    
decsp4                    00411E RLA    decsp6                    00412B RLA    
doneirq                   004266 RLA    donelib                   0040ED RLA    
imul16x16r32              004217 RLA    incsp2                    004249 RLA    
incsp4                    004257 RLA    incsp6                    00425C RLA    
incsp8                    004261 RLA    initirq                   003EC1 RLA    
initlib                   003EB5 RLA    irq_done                  004266  LAI   
irq_init                  003EC1  LAI   joy_libref                003EA0 RLA    
joy_read                  0053D3 RLA    ldax0sp                   00434F RLA    
ldaxysp                   004351 RLA    ldeaxysp                  00435A RLA    
lynxblock                 00443F RLA    lynxread0                 004421 RLA    
lynxskip0                 004416 RLA    negax                     004478 RLA    
negeax                    00436B RLA    popa                      00451E RLA    
popax                     004242 RLA    popeax                    0043A8 RLA    
ptr1                      000008 RLZ    ptr2                      00000A RLZ    
ptr3                      00000C RLZ    ptr4                      00000E RLZ    
pusha                     00452C RLA    pusha0                    004540 RLA    
pushax                    004542 RLA    pusheax                   0043C3 RLA    
regbank                   000014 RLZ    sp                        000000 RLZ    
sreg                      000002 RLZ    stax0sp                   004579 RLA    
steaxysp                  004586 RLA    tgi_clear                 0053F2 RLA    
tgi_clip_x1               0054F5 RLA    tgi_clip_x2               0054F9 RLA    
tgi_clip_y1               0054F7 RLA    tgi_clip_y2               0054FB RLA    
tgi_clippedline           0046F2 RLA    tgi_color_white           00000F REZ    
tgi_control               0053EF RLA    tgi_curtoxy               004811 RLA    
tgi_done                  0053E9 RLA    tgi_getdefpalette         005404 RLA    
tgi_geterror              0053EC RLA    tgi_imulround             0048A0 RLA    
tgi_init                  0053E6 RLA    tgi_inv_arg               004605 RLA    
tgi_irq                   005419  LAI   tgi_libref                005419 RLA    
tgi_line                  00540D RLA    tgi_outcode               004920 RLA    
tgi_outtext               005416 RLA    tgi_setcolor              0053FB RLA    
tgi_setdrawpage           0053F8 RLA    tgi_setpalette            0053FE RLA    
tgi_setviewpage           0053F5 RLA    tmp1                      000010 RLZ    
tmp2                      000011 RLZ    tmp3                      000012 RLZ    
tmp4                      000013 RLZ    tosaddeax                 0042F2 RLA    
tosandeax                 004314 RLA    tosasreax                 004331 RLA    
udiv32by16r16             004B40 RLA    umul16x16r32              004B71 RLA    
umul16x16r32m             004B75 RLA    umul8x16r16               004B9D RLA    
umul8x16r24               004B9D RLA    zerobss                   004BC8 RLA    



Exports list by value:
----------------------
__GAME_DATA_SIZE__        000000 REA    sp                        000000 RLZ    
__DESTRUCTOR_COUNT__      000001 REA    __CALLIRQ__               000001 REA    
__LNXHDR__                000001 REA    __STARTUP__               000001 REA    
__CONSTRUCTOR_COUNT__     000001 REA    sreg                      000002 RLZ    
_GAME_FILENR              000002 REA    __INTERRUPTOR_COUNT__     000002 REA    
ptr1                      000008 RLZ    ptr2                      00000A RLZ    
__GAME_RODATA_SIZE__      00000C REA    ptr3                      00000C RLZ    
ptr4                      00000E RLZ    tgi_color_white           00000F REZ    
tmp1                      000010 RLZ    __LOWCODE_SIZE__          000010 REA    
tmp2                      000011 RLZ    tmp3                      000012 RLZ    
tmp4                      000013 RLZ    regbank                   000014 RLZ    
__iodat                   00001A RLZ    __iodir                   00001B RLZ    
__ONCE_SIZE__             00001B REA    __viddma                  00001C RLZ    
__sprsys                  00001D RLZ    _FileStartBlock           00001E RLZ    
_FileEntry                00001E RLZ    _FileBlockOffset          00001F RLZ    
_FileDestAddr             000022 RLZ    _FileFileLen              000024 RLZ    
_FileCurrBlock            000026 RLZ    _FileBlockByte            000027 RLZ    
_FileDestPtr              000029 RLZ    __STARTUP_SIZE__          00006D REA    
__GAME_CODE_SIZE__        0000BD REA    __BSS_SIZE__              000108 REA    
__DATA_SIZE__             000137 REA    __STARTOFDIRECTORY__      00019A REA    
__LOADER_SIZE__           00019A REA    _play_game                000200 RLA    
__GAME_CODE_LOAD__        000200 RLA    __RODATA_SIZE__           0003E9 REA    
__BLOCKSIZE__             000400 REA    __BANK0BLOCKSIZE__        000400 REA    
__STACKSIZE__             000800 REA    __TITLE_SIZE__            00084B REA    
__CODE_SIZE__             0010CA REA    __TITLE_START__           002400 RLA    
__MAIN_START__            003E38 RLA    joy_libref                003EA0 RLA    
_exit                     003EA0 RLA    initlib                   003EB5 RLA    
irq_init                  003EC1  LAI   initirq                   003EC1 RLA    
__CONSTRUCTOR_TABLE__     003ECE RLA    _read_input               003ED0 RLA    
_main                     003F73 RLA    _framecount               003F8E RLA    
_vbl                      003F91  LAI   ___directerrno            003FB7 RLA    
___seterrno               003FC0 RLA    addysp1                   003FC9 RLA    
addysp                    003FCA RLA    aslax3                    003FD7 RLA    
_atoi                     003FE5 RLA    axlong                    004076 RLA    
callmain                  004083 RLA    _cgetc                    00409A RLA    
donelib                   0040ED RLA    ctypemaskdirect           0040FD RLA    
decax1                    004117 RLA    decsp4                    00411E RLA    
decsp6                    00412B RLA    _lynx_eeread_93c46        004138 RLA    
_lynx_eewrite_93c46       00417C RLA    imul16x16r32              004217 RLA    
popax                     004242 RLA    incsp2                    004249 RLA    
incsp4                    004257 RLA    incsp6                    00425C RLA    
incsp8                    004261 RLA    irq_done                  004266  LAI   
doneirq                   004266 RLA    _joy_install              004267 RLA    
_kbhit                    0042B4 RLA    tosaddeax                 0042F2 RLA    
tosandeax                 004314 RLA    tosasreax                 004331 RLA    
ldax0sp                   00434F RLA    ldaxysp                   004351 RLA    
ldeaxysp                  00435A RLA    negeax                    00436B RLA    
_lynx_load                004389 RLA    popeax                    0043A8 RLA    
pusheax                   0043C3 RLA    _lseek                    0043DA RLA    
lynxskip0                 004416 RLA    lynxread0                 004421 RLA    
lynxblock                 00443F RLA    negax                     004478 RLA    
_openn                    0044B7 RLA    popa                      00451E RLA    
pusha                     00452C RLA    pusha0                    004540 RLA    
pushax                    004542 RLA    _read                     004558 RLA    
stax0sp                   004579 RLA    steaxysp                  004586 RLA    
_strlen                   004599 RLA    _tgi_install              0045AF RLA    
tgi_inv_arg               004605 RLA    tgi_clippedline           0046F2 RLA    
tgi_curtoxy               004811 RLA    _tgi_done                 004826 RLA    
_tgi_gettextwidth         004834 RLA    _tgi_getxres              00488B RLA    
_tgi_getyres              004892 RLA    tgi_imulround             0048A0 RLA    
_tgi_init                 0048BE RLA    _tgi_ioctl                004916 RLA    
tgi_outcode               004920 RLA    _tgi_outtext              004961 RLA    
_tgi_outtextxy            0049F2 RLA    _tgi_setcolor             004A13 RLA    
_tgi_settextstyle         004A26 RLA    _tgi_vectorchar           004AAA RLA    
_toascii                  004B3D RLA    udiv32by16r16             004B40 RLA    
umul16x16r32              004B71 RLA    umul16x16r32m             004B75 RLA    
umul8x16r16               004B9D RLA    umul8x16r24               004B9D RLA    
zerobss                   004BC8 RLA    __ctype                   004FC6 RLA    
__ctypeidx                004FD1 RLA    __DESTRUCTOR_TABLE__      00537D RLA    
__INTERRUPTOR_TABLE__     00537F RLA    callirq                   005383 RLA    
_joy_read                 0053D3 REA    joy_read                  0053D3 RLA    
KBEDG                     0053D8 RLA    KBSTL                     0053D9 RLA    
tgi_init                  0053E6 RLA    tgi_done                  0053E9 RLA    
tgi_geterror              0053EC RLA    tgi_control               0053EF RLA    
_tgi_clear                0053F2 REA    tgi_clear                 0053F2 RLA    
tgi_setviewpage           0053F5 RLA    tgi_setdrawpage           0053F8 RLA    
tgi_setcolor              0053FB RLA    tgi_setpalette            0053FE RLA    
tgi_getdefpalette         005404 RLA    tgi_line                  00540D RLA    
tgi_outtext               005416 RLA    tgi_irq                   005419  LAI   
tgi_libref                005419 RLA    _lynx_stdjoy_joy          00541C RLA    
_joy_static_stddrv        00541C RLA    _tgi_static_stddrv        00542A RLA    
_lynx_160_102_16_tgi      00542A RLA    _joy                      0054BA RLA    
__BSS_RUN__               0054BA RLA    _old_joy                  0054BB RLA    
_reset                    0054BC RLA    _halted                   0054BD RLA    
___oserror                0054C0 RLA    ___errno                  0054C1 RLA    
_tgi_error                0054C7 RLA    _tgi_gmode                0054C8 RLA    
_tgi_curx                 0054C9 RLA    _tgi_cury                 0054CB RLA    
_tgi_color                0054CD RLA    _tgi_font                 0054CE RLA    
_tgi_textdir              0054CF RLA    _tgi_vectorfont           0054D0 RLA    
_tgi_textscalew           0054D2 RLA    _tgi_charwidth            0054D6 RLA    
_tgi_textscaleh           0054D8 RLA    _tgi_xmax                 0054DE RLA    
_tgi_ymax                 0054E0 RLA    _tgi_xres                 0054E2 RLA    
_tgi_yres                 0054E4 RLA    _tgi_colorcount           0054E6 RLA    
_tgi_fontwidth            0054E8 RLA    _tgi_fontheight           0054E9 RLA    
_tgi_flags                0054EC RLA    tgi_clip_x1               0054F5 RLA    
tgi_clip_y1               0054F7 RLA    tgi_clip_x2               0054F9 RLA    
tgi_clip_y2               0054FB RLA    __MAIN_SIZE__             007A00 REA    



Imports list:
-------------
KBEDG (kbhit.o):
    cgetc.o                   lynx/cgetc.s:9
KBSTL (kbhit.o):
    cgetc.o                   lynx/cgetc.s:10
_FileBlockByte (extzp.o):
    lynx-cart.o               lynx/extzp.inc:22
_FileBlockOffset (extzp.o):
    open.o                    lynx/open.s:30
_FileCurrBlock (extzp.o):
    lynx-cart.o               lynx/extzp.inc:21
    lseek.o                   lynx/lseek.s:22
    open.o                    lynx/open.s:29
_FileDestAddr (extzp.o):
    load.o                    lynx/load.s:11
_FileDestPtr (extzp.o):
    lynx-cart.o               lynx/extzp.inc:23
    read.o                    lynx/read.s:15
_FileEntry (extzp.o):
    open.o                    lynx/open.s:27
_FileFileLen (extzp.o):
    load.o                    lynx/load.s:10
_FileStartBlock (extzp.o):
    open.o                    lynx/open.s:28
_GAME_FILENR (directory.o):
    main.o                    main.s:26
__BANK0BLOCKSIZE__ ([linker generated]):
    directory.o               directory.asm:1
    lnxheader.o               lnxheader.asm:6
__BLOCKSIZE__ ([linker generated]):
    lynx-cart.o               lynx/lynx-cart.s:20
    lseek.o                   lynx/lseek.s:21
__BSS_RUN__ ([linker generated]):
    zerobss.o                 common/zerobss.s:8
__BSS_SIZE__ ([linker generated]):
    zerobss.o                 common/zerobss.s:8
__CALLIRQ__ (callirq.o):
    tgi_irq.o                 lynx/tgi_irq.s:11
    vbl.o                     vbl.asm:13
__CODE_SIZE__ ([linker generated]):
    directory.o               directory.asm:14
__CONSTRUCTOR_COUNT__ ([linker generated]):
    condes.o                  runtime/condes.s:18
__CONSTRUCTOR_TABLE__ ([linker generated]):
    condes.o                  runtime/condes.s:18
__DATA_SIZE__ ([linker generated]):
    directory.o               directory.asm:15
__DESTRUCTOR_COUNT__ ([linker generated]):
    condes.o                  runtime/condes.s:19
__DESTRUCTOR_TABLE__ ([linker generated]):
    condes.o                  runtime/condes.s:19
__GAME_CODE_LOAD__ ([linker generated]):
    directory.o               directory.asm:19
__GAME_CODE_SIZE__ ([linker generated]):
    directory.o               directory.asm:20
__GAME_DATA_SIZE__ ([linker generated]):
    directory.o               directory.asm:21
__GAME_RODATA_SIZE__ ([linker generated]):
    directory.o               directory.asm:22
__INTERRUPTOR_COUNT__ ([linker generated]):
    callirq.o                 runtime/callirq.s:36
__INTERRUPTOR_TABLE__ ([linker generated]):
    callirq.o                 runtime/callirq.s:36
__LNXHDR__ (lnxheader.o):
    [linker generated]        atarilynxgame.release.cfg:10
__LOADER_SIZE__ (encrypt1024.o):
    directory.o               directory.asm:5
    [linker generated]        atarilynxgame.release.cfg:14
    [linker generated]        atarilynxgame.release.cfg:7
__LOWCODE_SIZE__ ([linker generated]):
    directory.o               directory.asm:12
__MAIN_SIZE__ ([linker generated]):
    crt0.o                    lynx/crt0.s:25
__MAIN_START__ ([linker generated]):
    crt0.o                    lynx/crt0.s:25
    directory.o               directory.asm:3
__ONCE_SIZE__ ([linker generated]):
    directory.o               directory.asm:13
__RODATA_SIZE__ ([linker generated]):
    directory.o               directory.asm:16
__STACKSIZE__ ([linker generated]):
    crt0.o                    lynx/crt0.s:25
__STARTOFDIRECTORY__ ([linker generated]):
    open.o                    lynx/open.s:31
    [linker generated]        atarilynxgame.release.cfg:45
__STARTUP_SIZE__ ([linker generated]):
    directory.o               directory.asm:11
__STARTUP__ (crt0.o):
    main.o                    main.s:13
__TITLE_SIZE__ (title.o):
    directory.o               directory.asm:7
    [linker generated]        atarilynxgame.release.cfg:47
    [linker generated]        atarilynxgame.release.cfg:19
__TITLE_START__ (title.o):
    directory.o               directory.asm:6
    [linker generated]        atarilynxgame.release.cfg:47
    [linker generated]        atarilynxgame.release.cfg:18
___directerrno (_directerrno.o):
    open.o                    /sdk/cc65/asminc/errno.inc:10
___errno (errno.o):
    _seterrno.o               /sdk/cc65/asminc/errno.inc:7
___oserror (_oserror.o):
    _directerrno.o            /sdk/cc65/asminc/errno.inc:7
    open.o                    /sdk/cc65/asminc/errno.inc:7
___seterrno (_seterrno.o):
    _directerrno.o            /sdk/cc65/asminc/errno.inc:9
__ctype (ctype.o):
    ctypemask.o               common/ctypemask.s:23
__ctypeidx (ctype.o):
    ctypemask.o               common/ctypemask.s:24
__iodat (extzp.o):
    lynx-cart.o               lynx/extzp.inc:11
    crt0.o                    lynx/extzp.inc:11
__iodir (extzp.o):
    crt0.o                    lynx/extzp.inc:12
__sprsys (extzp.o):
    lynx-160-102-16-tgi.o     lynx/tgi/../extzp.inc:14
    crt0.o                    lynx/extzp.inc:14
__viddma (extzp.o):
    lynx-160-102-16-tgi.o     lynx/tgi/../extzp.inc:13
    crt0.o                    lynx/extzp.inc:13
_atoi (atoi.o):
    open.o                    lynx/open.s:20
_cgetc (cgetc.o):
    main.o                    main.s:22
_exit (crt0.o):
    libref.o                  lynx/libref.s:6
_framecount (vbl.o):
    game.o                    game/game.s:17
_halted (main.o):
    game.o                    game/game.s:22
_joy (main.o):
    game.o                    game/game.s:19
_joy_install (joy-kernel.o):
    main.o                    main.s:24
_joy_read (joy_read.o):
    main.o                    main.s:25
_joy_static_stddrv (joy_stat_stddrv.o):
    main.o                    main.s:23
_kbhit (kbhit.o):
    cgetc.o                   lynx/cgetc.s:8
    main.o                    main.s:21
_lseek (lseek.o):
    open.o                    lynx/open.s:22
_lynx_160_102_16_tgi (lynx-160-102-16-tgi.o):
    tgi_stat_stddrv.o         lynx/tgi_stat_stddrv.s:10
_lynx_eeread_93c46 (eeprom46.o):
    [linker generated]        atarilynxgame.release.cfg:39
_lynx_eewrite_93c46 (eeprom46.o):
    [linker generated]        atarilynxgame.release.cfg:40
_lynx_load (load.o):
    main.o                    main.s:14
_lynx_stdjoy_joy (lynx-stdjoy-joy.o):
    joy_stat_stddrv.o         lynx/joy_stat_stddrv.s:10
_main (main.o):
    callmain.o                runtime/callmain.s:11
_old_joy (main.o):
    game.o                    game/game.s:20
_openn (open.o):
    load.o                    lynx/load.s:13
_play_game (game.o):
    main.o                    main.s:33
_read (read.o):
    open.o                    lynx/open.s:21
    load.o                    lynx/load.s:14
_read_input (main.o):
    game.o                    game/game.s:18
_reset (main.o):
    game.o                    game/game.s:21
_strlen (strlen.o):
    tgi_gettextwidth.o        tgi/tgi_gettextwidth.s:10
_tgi_charwidth (tgi-kernel.o):
    tgi_gettextwidth.o        /sdk/cc65/asminc/tgi-kernel.inc:126
_tgi_clear (tgi_clear.o):
    game.o                    game/game.s:13
    main.o                    main.s:18
_tgi_color (tgi-kernel.o):
    tgi_setcolor.o            /sdk/cc65/asminc/tgi-kernel.inc:120
_tgi_colorcount (tgi-kernel.o):
    tgi_setcolor.o            /sdk/cc65/asminc/tgi-kernel.inc:132
_tgi_curx (tgi-kernel.o):
    tgi_curtoxy.o             /sdk/cc65/asminc/tgi-kernel.inc:118
    tgi_vectorchar.o          /sdk/cc65/asminc/tgi-kernel.inc:118
    tgi_outtext.o             /sdk/cc65/asminc/tgi-kernel.inc:118
    tgi_outtextxy.o           /sdk/cc65/asminc/tgi-kernel.inc:118
_tgi_cury (tgi-kernel.o):
    tgi_curtoxy.o             /sdk/cc65/asminc/tgi-kernel.inc:119
    tgi_outtextxy.o           /sdk/cc65/asminc/tgi-kernel.inc:119
_tgi_done (tgi_done.o):
    tgi_init.o                /sdk/cc65/asminc/tgi-kernel.inc:193
    tgi-kernel.o              /sdk/cc65/asminc/tgi-kernel.inc:193
_tgi_error (tgi-kernel.o):
    tgi_init.o                /sdk/cc65/asminc/tgi-kernel.inc:116
_tgi_flags (tgi-kernel.o):
    tgi_settextstyle.o        /sdk/cc65/asminc/tgi-kernel.inc:137
_tgi_font (tgi-kernel.o):
    tgi_gettextwidth.o        /sdk/cc65/asminc/tgi-kernel.inc:121
    tgi_outtext.o             /sdk/cc65/asminc/tgi-kernel.inc:121
    tgi_settextstyle.o        /sdk/cc65/asminc/tgi-kernel.inc:121
_tgi_fontheight (tgi-kernel.o):
    tgi_settextstyle.o        /sdk/cc65/asminc/tgi-kernel.inc:135
_tgi_fontwidth (tgi-kernel.o):
    tgi_settextstyle.o        /sdk/cc65/asminc/tgi-kernel.inc:134
_tgi_gettextwidth (tgi_gettextwidth.o):
    tgi_outtext.o             /sdk/cc65/asminc/tgi-kernel.inc:208
_tgi_getxres (tgi_getxres.o):
    tgi_init.o                /sdk/cc65/asminc/tgi-kernel.inc:209
_tgi_getyres (tgi_getyres.o):
    tgi_init.o                /sdk/cc65/asminc/tgi-kernel.inc:210
_tgi_gmode (tgi-kernel.o):
    tgi_init.o                /sdk/cc65/asminc/tgi-kernel.inc:117
    tgi_done.o                /sdk/cc65/asminc/tgi-kernel.inc:117
_tgi_init (tgi_init.o):
    main.o                    main.s:17
_tgi_install (tgi-kernel.o):
    main.o                    main.s:16
_tgi_ioctl (tgi_ioctl.o):
    game.o                    game/game.s:15
    main.o                    main.s:20
_tgi_outtext (tgi_outtext.o):
    tgi_outtextxy.o           /sdk/cc65/asminc/tgi-kernel.inc:220
_tgi_outtextxy (tgi_outtextxy.o):
    game.o                    game/game.s:14
_tgi_setcolor (tgi_setcolor.o):
    tgi_init.o                /sdk/cc65/asminc/tgi-kernel.inc:224
    main.o                    main.s:19
_tgi_settextstyle (tgi_settextstyle.o):
    tgi_init.o                /sdk/cc65/asminc/tgi-kernel.inc:230
_tgi_static_stddrv (tgi_stat_stddrv.o):
    main.o                    main.s:15
_tgi_textdir (tgi-kernel.o):
    tgi_vectorchar.o          /sdk/cc65/asminc/tgi-kernel.inc:122
    tgi_outtext.o             /sdk/cc65/asminc/tgi-kernel.inc:122
    tgi_settextstyle.o        /sdk/cc65/asminc/tgi-kernel.inc:122
_tgi_textscaleh (tgi-kernel.o):
    tgi_vectorchar.o          /sdk/cc65/asminc/tgi-kernel.inc:125
_tgi_textscalew (tgi-kernel.o):
    tgi_gettextwidth.o        /sdk/cc65/asminc/tgi-kernel.inc:124
    tgi_vectorchar.o          /sdk/cc65/asminc/tgi-kernel.inc:124
    tgi_outtext.o             /sdk/cc65/asminc/tgi-kernel.inc:124
    tgi_settextstyle.o        /sdk/cc65/asminc/tgi-kernel.inc:124
_tgi_vectorchar (tgi_vectorchar.o):
    tgi_outtext.o             /sdk/cc65/asminc/tgi-vectorfont.inc:67
_tgi_vectorfont (tgi-kernel.o):
    tgi_gettextwidth.o        /sdk/cc65/asminc/tgi-kernel.inc:123
    tgi_vectorchar.o          /sdk/cc65/asminc/tgi-kernel.inc:123
    tgi_outtext.o             /sdk/cc65/asminc/tgi-kernel.inc:123
_tgi_xmax (tgi-kernel.o):
    tgi_clippedline.o         /sdk/cc65/asminc/tgi-kernel.inc:130
    tgi_init.o                /sdk/cc65/asminc/tgi-kernel.inc:130
_tgi_xres (tgi-kernel.o):
    tgi_outcode.o             /sdk/cc65/asminc/tgi-kernel.inc:128
    tgi_getxres.o             /sdk/cc65/asminc/tgi-kernel.inc:128
_tgi_ymax (tgi-kernel.o):
    tgi_clippedline.o         /sdk/cc65/asminc/tgi-kernel.inc:131
    tgi_init.o                /sdk/cc65/asminc/tgi-kernel.inc:131
_tgi_yres (tgi-kernel.o):
    tgi_outcode.o             /sdk/cc65/asminc/tgi-kernel.inc:129
    tgi_getyres.o             /sdk/cc65/asminc/tgi-kernel.inc:129
_toascii (toascii.o):
    tgi_gettextwidth.o        tgi/tgi_gettextwidth.s:10
    tgi_outtext.o             tgi/tgi_outtext.s:12
addysp (addysp.o):
    incsp4.o                  runtime/incsp4.s:8
    incsp8.o                  runtime/incsp8.s:8
    incsp6.o                  runtime/incsp6.s:8
    open.o                    lynx/open.s:23
addysp1 (addysp.o):
    land.o                    runtime/land.s:9
    ladd.o                    runtime/ladd.s:8
    tgi_outtextxy.o           tgi/tgi_outtextxy.s:10
aslax3 (aslax3.o):
    open.o                    lynx/open.s:24
axlong (axlong.o):
    lseek.o                   lynx/lseek.s:19
    open.o                    lynx/open.s:24
callirq (callirq.o):
    irq.o                     lynx/irq.s:6
callmain (callmain.o):
    crt0.o                    lynx/crt0.s:23
ctypemaskdirect (ctypemask.o):
    atoi.o                    common/atoi.s:11
decax1 (decax1.o):
    tgi_init.o                tgi/tgi_init.s:11
decsp4 (decsp4.o):
    lpush.o                   runtime/lpush.s:12
decsp6 (decsp6.o):
    open.o                    lynx/open.s:23
doneirq (irq.o):
    callirq.o                 runtime/callirq.s:38
donelib (condes.o):
    crt0.o                    lynx/crt0.s:21
imul16x16r32 (imul16x16r32.o):
    tgi_imulround.o           tgi/tgi_imulround.s:14
incsp2 (incsp2.o):
    load.o                    lynx/load.s:12
incsp4 (incsp4.o):
    lpop.o                    runtime/lpop.s:9
incsp6 (incsp6.o):
    read.o                    lynx/read.s:17
incsp8 (incsp8.o):
    lseek.o                   lynx/lseek.s:18
    open.o                    lynx/open.s:24
initirq (irq.o):
    callirq.o                 runtime/callirq.s:37
initlib (condes.o):
    crt0.o                    lynx/crt0.s:21
joy_libref (libref.o):
    joy-kernel.o              joystick/joy-kernel.s:7
joy_read (joy-kernel.o):
    joy_read.o                /sdk/cc65/asminc/joy-kernel.inc:71
ldax0sp (ldaxsp.o):
    read.o                    lynx/read.s:17
    load.o                    lynx/load.s:12
ldaxysp (ldaxsp.o):
    read.o                    lynx/read.s:17
    open.o                    lynx/open.s:23
ldeaxysp (ldeaxysp.o):
    lseek.o                   lynx/lseek.s:18
lynxblock (lynx-cart.o):
    lseek.o                   lynx/lseek.s:20
    open.o                    lynx/open.s:26
lynxread0 (lynx-cart.o):
    read.o                    lynx/read.s:16
lynxskip0 (lynx-cart.o):
    lseek.o                   lynx/lseek.s:20
    open.o                    lynx/open.s:26
negax (negabs.o):
    imul16x16r32.o            runtime/imul16x16r32.s:8
    tgi_clippedline.o         tgi/tgi_clippedline.s:9
    tgi_outtext.o             tgi/tgi_outtext.s:13
negeax (lneg.o):
    imul16x16r32.o            runtime/imul16x16r32.s:8
    atoi.o                    common/atoi.s:9
popa (popa.o):
    tgi_settextstyle.o        tgi/tgi_settextstyle.s:10
    tgi_ioctl.o               tgi/tgi_ioctl.s:13
popax (incsp2.o):
    tgi_imulround.o           tgi/tgi_imulround.s:14
    tgi_settextstyle.o        tgi/tgi_settextstyle.s:10
    open.o                    lynx/open.s:23
    eeprom46.o                lynx/eeprom46.s:30
popeax (lpop.o):
    lasr.o                    runtime/lasr.s:15
ptr1 (zeropage.o):
    imul16x16r32.o            /sdk/cc65/asminc/zeropage.inc:12
    umul16x16r32.o            /sdk/cc65/asminc/zeropage.inc:12
    udiv32by16r16.o           /sdk/cc65/asminc/zeropage.inc:12
    tgi_imulround.o           /sdk/cc65/asminc/zeropage.inc:12
    tgi_gettextwidth.o        /sdk/cc65/asminc/zeropage.inc:12
    tgi_curtoxy.o             tgi/tgi_curtoxy.s:9
    tgi_clippedline.o         /sdk/cc65/asminc/zeropage.inc:12
    tgi_vectorchar.o          /sdk/cc65/asminc/zeropage.inc:12
    tgi_outtext.o             /sdk/cc65/asminc/zeropage.inc:12
    atoi.o                    common/atoi.s:10
    lynx-160-102-16-tgi.o     /sdk/cc65/asminc/zeropage.inc:12
    zerobss.o                 common/zerobss.s:9
    umul8x16r24.o             /sdk/cc65/asminc/zeropage.inc:12
    tgi_settextstyle.o        /sdk/cc65/asminc/zeropage.inc:12
    tgi_ioctl.o               tgi/tgi_ioctl.s:14
    tgi_init.o                tgi/tgi_init.s:12
    tgi-kernel.o              tgi/tgi-kernel.s:8
    joy-kernel.o              joystick/joy-kernel.s:8
    eeprom46.o                lynx/eeprom46.s:31
ptr2 (zeropage.o):
    strlen.o                  common/strlen.s:12
    udiv32by16r16.o           /sdk/cc65/asminc/zeropage.inc:12
    tgi_gettextwidth.o        /sdk/cc65/asminc/zeropage.inc:12
    tgi_curtoxy.o             tgi/tgi_curtoxy.s:9
    tgi_clippedline.o         /sdk/cc65/asminc/zeropage.inc:12
    atoi.o                    common/atoi.s:10
    lynx-160-102-16-tgi.o     /sdk/cc65/asminc/zeropage.inc:12
ptr3 (zeropage.o):
    imul16x16r32.o            /sdk/cc65/asminc/zeropage.inc:12
    umul16x16r32.o            /sdk/cc65/asminc/zeropage.inc:12
    udiv32by16r16.o           /sdk/cc65/asminc/zeropage.inc:12
    tgi_gettextwidth.o        /sdk/cc65/asminc/zeropage.inc:12
    tgi_outtext.o             /sdk/cc65/asminc/zeropage.inc:12
    lynx-160-102-16-tgi.o     /sdk/cc65/asminc/zeropage.inc:12
    umul8x16r24.o             /sdk/cc65/asminc/zeropage.inc:12
ptr4 (zeropage.o):
    lynx-160-102-16-tgi.o     /sdk/cc65/asminc/zeropage.inc:12
pusha (pusha.o):
    tgi_init.o                tgi/tgi_init.s:11
    game.o                    game/game.s:281
    game.o                    game/game.s:281
    main.o                    main.s:283
    main.o                    main.s:283
pusha0 (pushax.o):
    open.o                    lynx/open.s:23
    load.o                    lynx/load.s:12
    game.o                    game/game.s:281
    game.o                    game/game.s:281
pushax (pushax.o):
    lseek.o                   lynx/lseek.s:18
    callmain.o                runtime/callmain.s:11
    tgi_init.o                tgi/tgi_init.s:11
    read.o                    lynx/read.s:17
    open.o                    lynx/open.s:23
    load.o                    lynx/load.s:12
pusheax (lpush.o):
    lseek.o                   lynx/lseek.s:17
    open.o                    lynx/open.s:23
regbank (zeropage.o):
    tgi_vectorchar.o          /sdk/cc65/asminc/zeropage.inc:14
    tgi_outtext.o             /sdk/cc65/asminc/zeropage.inc:14
sp (zeropage.o):
    lpop.o                    runtime/lpop.s:10
    ldeaxysp.o                runtime/ldeaxysp.s:12
    land.o                    runtime/land.s:10
    decsp4.o                  runtime/decsp4.s:8
    popa.o                    runtime/popa.s:8
    lpush.o                   runtime/lpush.s:13
    ldaxsp.o                  runtime/ldaxsp.s:8
    ladd.o                    runtime/ladd.s:9
    decsp6.o                  runtime/decsp6.s:8
    addysp.o                  runtime/addysp.s:8
    tgi_outtextxy.o           tgi/tgi_outtextxy.s:11
    steaxsp.o                 runtime/steaxsp.s:8
    staxsp.o                  runtime/staxsp.s:8
    pushax.o                  runtime/pushax.s:8
    pusha.o                   runtime/pusha.s:8
    incsp2.o                  runtime/incsp2.s:8
    crt0.o                    /sdk/cc65/asminc/zeropage.inc:11
sreg (zeropage.o):
    umul16x16r32.o            /sdk/cc65/asminc/zeropage.inc:11
    udiv32by16r16.o           /sdk/cc65/asminc/zeropage.inc:11
    tgi_imulround.o           /sdk/cc65/asminc/zeropage.inc:11
    tgi_clippedline.o         /sdk/cc65/asminc/zeropage.inc:11
    lpop.o                    runtime/lpop.s:10
    ldeaxysp.o                runtime/ldeaxysp.s:12
    lasr.o                    runtime/lasr.s:16
    land.o                    runtime/land.s:10
    lpush.o                   runtime/lpush.s:13
    lneg.o                    runtime/lneg.s:11
    ladd.o                    runtime/ladd.s:9
    axlong.o                  runtime/axlong.s:9
    atoi.o                    common/atoi.s:10
    umul8x16r24.o             /sdk/cc65/asminc/zeropage.inc:11
    steaxsp.o                 runtime/steaxsp.s:8
    open.o                    lynx/open.s:18
stax0sp (staxsp.o):
    open.o                    lynx/open.s:24
steaxysp (steaxsp.o):
    open.o                    lynx/open.s:24
tgi_clear (tgi-kernel.o):
    tgi_clear.o               /sdk/cc65/asminc/tgi-kernel.inc:156
tgi_clip_x1 (tgi_outcode.o):
    tgi_clippedline.o         /sdk/cc65/asminc/tgi-kernel.inc:142
    tgi_vectorchar.o          /sdk/cc65/asminc/tgi-kernel.inc:142
tgi_clip_x2 (tgi_outcode.o):
    tgi_clippedline.o         /sdk/cc65/asminc/tgi-kernel.inc:144
tgi_clip_y1 (tgi_outcode.o):
    tgi_clippedline.o         /sdk/cc65/asminc/tgi-kernel.inc:143
tgi_clip_y2 (tgi_outcode.o):
    tgi_clippedline.o         /sdk/cc65/asminc/tgi-kernel.inc:145
tgi_clippedline (tgi_clippedline.o):
    tgi_vectorchar.o          /sdk/cc65/asminc/tgi-kernel.inc:174
tgi_color_white (tgi_colors.o):
    tgi_init.o                /sdk/cc65/asminc/tgi-kernel.inc:110
tgi_control (tgi-kernel.o):
    tgi_ioctl.o               /sdk/cc65/asminc/tgi-kernel.inc:155
tgi_curtoxy (tgi_curtoxy.o):
    tgi_outtext.o             /sdk/cc65/asminc/tgi-kernel.inc:175
tgi_done (tgi-kernel.o):
    tgi_done.o                /sdk/cc65/asminc/tgi-kernel.inc:153
tgi_getdefpalette (tgi-kernel.o):
    tgi_init.o                /sdk/cc65/asminc/tgi-kernel.inc:162
tgi_geterror (tgi-kernel.o):
    tgi_init.o                /sdk/cc65/asminc/tgi-kernel.inc:154
tgi_imulround (tgi_imulround.o):
    tgi_gettextwidth.o        /sdk/cc65/asminc/tgi-kernel.inc:177
    tgi_vectorchar.o          /sdk/cc65/asminc/tgi-kernel.inc:177
    tgi_outtext.o             /sdk/cc65/asminc/tgi-kernel.inc:177
tgi_init (tgi-kernel.o):
    tgi_init.o                /sdk/cc65/asminc/tgi-kernel.inc:152
tgi_inv_arg (tgi-kernel.o):
    tgi_setcolor.o            /sdk/cc65/asminc/tgi-kernel.inc:178
tgi_libref (tgi_irq.o):
    tgi-kernel.o              tgi/tgi-kernel.s:7
tgi_line (tgi-kernel.o):
    tgi_clippedline.o         /sdk/cc65/asminc/tgi-kernel.inc:165
tgi_outcode (tgi_outcode.o):
    tgi_clippedline.o         /sdk/cc65/asminc/tgi-kernel.inc:181
tgi_outtext (tgi-kernel.o):
    tgi_outtext.o             /sdk/cc65/asminc/tgi-kernel.inc:168
tgi_setcolor (tgi-kernel.o):
    tgi_setcolor.o            /sdk/cc65/asminc/tgi-kernel.inc:159
tgi_setdrawpage (tgi-kernel.o):
    tgi_init.o                /sdk/cc65/asminc/tgi-kernel.inc:158
tgi_setpalette (tgi-kernel.o):
    tgi_init.o                /sdk/cc65/asminc/tgi-kernel.inc:160
tgi_setviewpage (tgi-kernel.o):
    tgi_init.o                /sdk/cc65/asminc/tgi-kernel.inc:157
tmp1 (zeropage.o):
    imul16x16r32.o            /sdk/cc65/asminc/zeropage.inc:13
    tgi_outcode.o             /sdk/cc65/asminc/zeropage.inc:13
    tgi_clippedline.o         /sdk/cc65/asminc/zeropage.inc:13
    lasr.o                    runtime/lasr.s:16
    land.o                    runtime/land.s:10
    ladd.o                    runtime/ladd.s:9
    atoi.o                    common/atoi.s:10
    aslax3.o                  runtime/aslax3.s:8
    lynx-160-102-16-tgi.o     /sdk/cc65/asminc/zeropage.inc:13
    game.o                    game/game.s:11
    main.o                    main.s:11
tmp2 (zeropage.o):
    lynx-160-102-16-tgi.o     /sdk/cc65/asminc/zeropage.inc:13
tmp3 (zeropage.o):
    lynx-160-102-16-tgi.o     /sdk/cc65/asminc/zeropage.inc:13
    open.o                    lynx/open.s:18
tmp4 (zeropage.o):
    lynx-160-102-16-tgi.o     /sdk/cc65/asminc/zeropage.inc:13
tosaddeax (ladd.o):
    open.o                    lynx/open.s:24
tosandeax (land.o):
    lseek.o                   lynx/lseek.s:19
tosasreax (lasr.o):
    lseek.o                   lynx/lseek.s:20
udiv32by16r16 (udiv32by16r16.o):
    tgi_clippedline.o         tgi/tgi_clippedline.s:8
umul16x16r32 (umul16x16r32.o):
    tgi_clippedline.o         tgi/tgi_clippedline.s:8
umul16x16r32m (umul16x16r32.o):
    imul16x16r32.o            runtime/imul16x16r32.s:8
umul8x16r16 (umul8x16r24.o):
    tgi_gettextwidth.o        tgi/tgi_gettextwidth.s:11
umul8x16r24 (umul8x16r24.o):
    tgi_settextstyle.o        tgi/tgi_settextstyle.s:9
zerobss (zerobss.o):
    crt0.o                    lynx/crt0.s:22

