Modules list:
-------------
lnxheader.o:
    LNXHDR            Offs=000000  Size=000040  Align=00001  Fill=0000
uploader.o:
    UPCODE            Offs=000000  Size=00005B  Align=00001  Fill=0000
    UPDATA            Offs=000000  Size=000001  Align=00001  Fill=0000
directory.o:
    DIRECTORY         Offs=000000  Size=000018  Align=00001  Fill=0000
main.o:
    CODE              Offs=000000  Size=0000D3  Align=00001  Fill=0000
    BSS               Offs=000000  Size=00001C  Align=00001  Fill=0000
game.o:
    GAME_RODATA       Offs=000000  Size=000028  Align=00001  Fill=0000
    GAME_BSS          Offs=000000  Size=000007  Align=00001  Fill=0000
    GAME_CODE         Offs=000000  Size=000139  Align=00001  Fill=0000
vbl.o:
    CODE              Offs=0000D3  Size=000029  Align=00001  Fill=0000
/usr/share/cc65/lib/lynx.lib(_directerrno.o):
    CODE              Offs=0000FC  Size=000009  Align=00001  Fill=0000
/usr/share/cc65/lib/lynx.lib(_hextab.o):
    RODATA            Offs=000000  Size=000010  Align=00001  Fill=0000
/usr/share/cc65/lib/lynx.lib(_oserror.o):
    BSS               Offs=00001C  Size=000001  Align=00001  Fill=0000
/usr/share/cc65/lib/lynx.lib(_seterrno.o):
    CODE              Offs=000105  Size=000009  Align=00001  Fill=0000
/usr/share/cc65/lib/lynx.lib(addysp.o):
    CODE              Offs=00010E  Size=00000E  Align=00001  Fill=0000
/usr/share/cc65/lib/lynx.lib(aslax3.o):
    CODE              Offs=00011C  Size=00000E  Align=00001  Fill=0000
/usr/share/cc65/lib/lynx.lib(atoi.o):
    CODE              Offs=00012A  Size=000091  Align=00001  Fill=0000
/usr/share/cc65/lib/lynx.lib(axlong.o):
    CODE              Offs=0001BB  Size=00000D  Align=00001  Fill=0000
/usr/share/cc65/lib/lynx.lib(bootldr.o):
    BOOTLDR           Offs=000000  Size=0000CB  Align=00001  Fill=0000
/usr/share/cc65/lib/lynx.lib(callirq.o):
    DATA              Offs=000000  Size=00001E  Align=00001  Fill=0000
/usr/share/cc65/lib/lynx.lib(callmain.o):
    CODE              Offs=0001C8  Size=000017  Align=00001  Fill=0000
    DATA              Offs=00001E  Size=000004  Align=00001  Fill=0000
/usr/share/cc65/lib/lynx.lib(cgetc.o):
    CODE              Offs=0001DF  Size=000053  Align=00001  Fill=0000
/usr/share/cc65/lib/lynx.lib(condes.o):
    CODE              Offs=000232  Size=00000C  Align=00001  Fill=0000
    DATA              Offs=000022  Size=000025  Align=00001  Fill=0000
    ONCE              Offs=000000  Size=00000C  Align=00001  Fill=0000
/usr/share/cc65/lib/lynx.lib(crt0.o):
    RODATA            Offs=000010  Size=00002C  Align=00001  Fill=0000
    STARTUP           Offs=000000  Size=00006D  Align=00001  Fill=0000
/usr/share/cc65/lib/lynx.lib(ctype.o):
    RODATA            Offs=00003C  Size=00008B  Align=00001  Fill=0000
/usr/share/cc65/lib/lynx.lib(ctypemask.o):
    CODE              Offs=00023E  Size=00001E  Align=00001  Fill=0000
/usr/share/cc65/lib/lynx.lib(decax1.o):
    CODE              Offs=00025C  Size=000007  Align=00001  Fill=0000
/usr/share/cc65/lib/lynx.lib(decsp4.o):
    CODE              Offs=000263  Size=00000D  Align=00001  Fill=0000
/usr/share/cc65/lib/lynx.lib(decsp6.o):
    CODE              Offs=000270  Size=00000D  Align=00001  Fill=0000
/usr/share/cc65/lib/lynx.lib(eeprom46.o):
    CODE              Offs=00027D  Size=0000DF  Align=00001  Fill=0000
/usr/share/cc65/lib/lynx.lib(errno.o):
    BSS               Offs=00001D  Size=000002  Align=00001  Fill=0000
/usr/share/cc65/lib/lynx.lib(extzp.o):
    EXTZP             Offs=000000  Size=000011  Align=00001  Fill=0000
/usr/share/cc65/lib/lynx.lib(imul16x16r32.o):
    CODE              Offs=00035C  Size=00002B  Align=00001  Fill=0000
/usr/share/cc65/lib/lynx.lib(incsp2.o):
    CODE              Offs=000387  Size=000015  Align=00001  Fill=0000
/usr/share/cc65/lib/lynx.lib(incsp4.o):
    CODE              Offs=00039C  Size=000005  Align=00001  Fill=0000
/usr/share/cc65/lib/lynx.lib(incsp6.o):
    CODE              Offs=0003A1  Size=000005  Align=00001  Fill=0000
/usr/share/cc65/lib/lynx.lib(incsp8.o):
    CODE              Offs=0003A6  Size=000005  Align=00001  Fill=0000
/usr/share/cc65/lib/lynx.lib(irq.o):
    CODE              Offs=0003AB  Size=000001  Align=00001  Fill=0000
    ONCE              Offs=00000C  Size=00000D  Align=00001  Fill=0000
    LOWCODE           Offs=000000  Size=000010  Align=00001  Fill=0000
/usr/share/cc65/lib/lynx.lib(itoa.o):
    CODE              Offs=0003AC  Size=000094  Align=00001  Fill=0000
    RODATA            Offs=0000C7  Size=000007  Align=00001  Fill=0000
/usr/share/cc65/lib/lynx.lib(joy-kernel.o):
    CODE              Offs=000440  Size=00004D  Align=00001  Fill=0000
    RODATA            Offs=0000CE  Size=000004  Align=00001  Fill=0000
    BSS               Offs=00001F  Size=000002  Align=00001  Fill=0000
    DATA              Offs=000047  Size=00000C  Align=00001  Fill=0000
/usr/share/cc65/lib/lynx.lib(joy_read.o):
/usr/share/cc65/lib/lynx.lib(joy_stat_stddrv.o):
/usr/share/cc65/lib/lynx.lib(kbhit.o):
    CODE              Offs=00048D  Size=000038  Align=00001  Fill=0000
    DATA              Offs=000053  Size=000006  Align=00001  Fill=0000
/usr/share/cc65/lib/lynx.lib(ladd.o):
    CODE              Offs=0004C5  Size=000024  Align=00001  Fill=0000
/usr/share/cc65/lib/lynx.lib(land.o):
    CODE              Offs=0004E9  Size=000021  Align=00001  Fill=0000
/usr/share/cc65/lib/lynx.lib(lasr.o):
    CODE              Offs=00050A  Size=00001E  Align=00001  Fill=0000
/usr/share/cc65/lib/lynx.lib(ldaxsp.o):
    CODE              Offs=000528  Size=000009  Align=00001  Fill=0000
/usr/share/cc65/lib/lynx.lib(ldeaxysp.o):
    CODE              Offs=000531  Size=000013  Align=00001  Fill=0000
/usr/share/cc65/lib/lynx.lib(libref.o):
/usr/share/cc65/lib/lynx.lib(lneg.o):
    CODE              Offs=000544  Size=00001E  Align=00001  Fill=0000
/usr/share/cc65/lib/lynx.lib(load.o):
    CODE              Offs=000562  Size=00001F  Align=00001  Fill=0000
/usr/share/cc65/lib/lynx.lib(lpop.o):
    CODE              Offs=000581  Size=000014  Align=00001  Fill=0000
/usr/share/cc65/lib/lynx.lib(lpush.o):
    CODE              Offs=000595  Size=00001E  Align=00001  Fill=0000
/usr/share/cc65/lib/lynx.lib(lseek.o):
    CODE              Offs=0005B3  Size=00003C  Align=00001  Fill=0000
/usr/share/cc65/lib/lynx.lib(lynx-cart.o):
    CODE              Offs=0005EF  Size=00005E  Align=00001  Fill=0000
/usr/share/cc65/lib/lynx.lib(negabs.o):
    CODE              Offs=00064D  Size=000012  Align=00001  Fill=0000
/usr/share/cc65/lib/lynx.lib(open.o):
    CODE              Offs=00065F  Size=000098  Align=00001  Fill=0000
    DATA              Offs=000059  Size=000004  Align=00001  Fill=0000
/usr/share/cc65/lib/lynx.lib(popa.o):
    CODE              Offs=0006F7  Size=00000A  Align=00001  Fill=0000
/usr/share/cc65/lib/lynx.lib(pusha.o):
    CODE              Offs=000701  Size=000016  Align=00001  Fill=0000
/usr/share/cc65/lib/lynx.lib(pushax.o):
    CODE              Offs=000717  Size=00001A  Align=00001  Fill=0000
/usr/share/cc65/lib/lynx.lib(read.o):
    CODE              Offs=000731  Size=000021  Align=00001  Fill=0000
/usr/share/cc65/lib/lynx.lib(staxsp.o):
    CODE              Offs=000752  Size=00000B  Align=00001  Fill=0000
/usr/share/cc65/lib/lynx.lib(steaxsp.o):
    CODE              Offs=00075D  Size=000015  Align=00001  Fill=0000
/usr/share/cc65/lib/lynx.lib(strlen.o):
    CODE              Offs=000772  Size=000016  Align=00001  Fill=0000
/usr/share/cc65/lib/lynx.lib(tgi-kernel.o):
    CODE              Offs=000788  Size=00007F  Align=00001  Fill=0000
    RODATA            Offs=0000D2  Size=000004  Align=00001  Fill=0000
    BSS               Offs=000021  Size=000028  Align=00001  Fill=0000
    DATA              Offs=00005D  Size=000039  Align=00001  Fill=0000
/usr/share/cc65/lib/lynx.lib(tgi_clear.o):
/usr/share/cc65/lib/lynx.lib(tgi_clippedline.o):
    CODE              Offs=000807  Size=0001E3  Align=00001  Fill=0000
    BSS               Offs=000049  Size=000008  Align=00001  Fill=0000
/usr/share/cc65/lib/lynx.lib(tgi_colors.o):
/usr/share/cc65/lib/lynx.lib(tgi_curtoxy.o):
    CODE              Offs=0009EA  Size=000015  Align=00001  Fill=0000
/usr/share/cc65/lib/lynx.lib(tgi_done.o):
    CODE              Offs=0009FF  Size=00000E  Align=00001  Fill=0000
/usr/share/cc65/lib/lynx.lib(tgi_getdefpalette.o):
/usr/share/cc65/lib/lynx.lib(tgi_gettextwidth.o):
    CODE              Offs=000A0D  Size=000057  Align=00001  Fill=0000
/usr/share/cc65/lib/lynx.lib(tgi_getxres.o):
    CODE              Offs=000A64  Size=000007  Align=00001  Fill=0000
/usr/share/cc65/lib/lynx.lib(tgi_getyres.o):
    CODE              Offs=000A6B  Size=000007  Align=00001  Fill=0000
/usr/share/cc65/lib/lynx.lib(tgi_gotoxy.o):
    CODE              Offs=000A72  Size=000010  Align=00001  Fill=0000
/usr/share/cc65/lib/lynx.lib(tgi_imulround.o):
    CODE              Offs=000A82  Size=000025  Align=00001  Fill=0000
/usr/share/cc65/lib/lynx.lib(tgi_init.o):
    CODE              Offs=000AA7  Size=000058  Align=00001  Fill=0000
/usr/share/cc65/lib/lynx.lib(tgi_ioctl.o):
    CODE              Offs=000AFF  Size=00000A  Align=00001  Fill=0000
/usr/share/cc65/lib/lynx.lib(tgi_irq.o):
    DATA              Offs=000096  Size=000003  Align=00001  Fill=0000
/usr/share/cc65/lib/lynx.lib(tgi_outcode.o):
    CODE              Offs=000B09  Size=000041  Align=00001  Fill=0000
    BSS               Offs=000051  Size=000008  Align=00001  Fill=0000
/usr/share/cc65/lib/lynx.lib(tgi_outtext.o):
    CODE              Offs=000B4A  Size=000091  Align=00001  Fill=0000
/usr/share/cc65/lib/lynx.lib(tgi_outtextxy.o):
    CODE              Offs=000BDB  Size=000021  Align=00001  Fill=0000
/usr/share/cc65/lib/lynx.lib(tgi_setcolor.o):
    CODE              Offs=000BFC  Size=000013  Align=00001  Fill=0000
/usr/share/cc65/lib/lynx.lib(tgi_setpalette.o):
    CODE              Offs=000C0F  Size=000007  Align=00001  Fill=0000
/usr/share/cc65/lib/lynx.lib(tgi_settextstyle.o):
    CODE              Offs=000C16  Size=000042  Align=00001  Fill=0000
/usr/share/cc65/lib/lynx.lib(tgi_stat_stddrv.o):
/usr/share/cc65/lib/lynx.lib(tgi_vectorchar.o):
    CODE              Offs=000C58  Size=0000D5  Align=00001  Fill=0000
    BSS               Offs=000059  Size=000008  Align=00001  Fill=0000
/usr/share/cc65/lib/lynx.lib(toascii.o):
    CODE              Offs=000D2D  Size=000003  Align=00001  Fill=0000
/usr/share/cc65/lib/lynx.lib(udiv32by16r16.o):
    CODE              Offs=000D30  Size=000031  Align=00001  Fill=0000
/usr/share/cc65/lib/lynx.lib(umul16x16r32.o):
    CODE              Offs=000D61  Size=00002C  Align=00001  Fill=0000
/usr/share/cc65/lib/lynx.lib(umul8x16r24.o):
    CODE              Offs=000D8D  Size=00002B  Align=00001  Fill=0000
/usr/share/cc65/lib/lynx.lib(zerobss.o):
    CODE              Offs=000DB8  Size=000023  Align=00001  Fill=0000
/usr/share/cc65/lib/lynx.lib(zeropage.o):
    ZEROPAGE          Offs=000000  Size=00001A  Align=00001  Fill=0000
/usr/share/cc65/lib/lynx.lib(lynx-stdjoy-joy.o):
    CODE              Offs=000DDB  Size=000011  Align=00001  Fill=0000
    DATA              Offs=000099  Size=00000E  Align=00001  Fill=0000
/usr/share/cc65/lib/lynx.lib(lynx-160-102-16-tgi.o):
    CODE              Offs=000DEC  Size=00039E  Align=00001  Fill=0000
    RODATA            Offs=0000D6  Size=000324  Align=00001  Fill=0000
    BSS               Offs=000061  Size=0000BD  Align=00001  Fill=0000
    DATA              Offs=0000A7  Size=000090  Align=00001  Fill=0000


Segment list:
-------------
Name                   Start     End    Size  Align
----------------------------------------------------
BOOTLDR               000000  0000CA  0000CB  00001
DIRECTORY             000000  000017  000018  00001
LNXHDR                000000  00003F  000040  00001
ZEROPAGE              000000  000019  00001A  00001
EXTZP                 00001A  00002A  000011  00001
GAME_CODE             000200  000338  000139  00001
GAME_RODATA           000339  000360  000028  00001
GAME_BSS              000361  000367  000007  00001
STARTUP               003E38  003EA4  00006D  00001
LOWCODE               003EA5  003EB4  000010  00001
ONCE                  003EB5  003ECF  00001B  00001
CODE                  003ED0  005059  00118A  00001
RODATA                00505A  00545B  000402  00001
DATA                  00545C  005592  000137  00001
BSS                   005593  0056B0  00011E  00001
UPCODE                00BFD3  00C02D  00005B  00001
UPDATA                00C02E  00C02E  000001  00001


Exports list by name:
---------------------
KBEDG                     0054B1 RLA    KBSTL                     0054B2 RLA    
_FileBlockByte            000027 RLZ    _FileBlockOffset          00001F RLZ    
_FileCurrBlock            000026 RLZ    _FileDestAddr             000022 RLZ    
_FileDestPtr              000029 RLZ    _FileEntry                00001E RLZ    
_FileFileLen              000024 RLZ    _FileStartBlock           00001E RLZ    
_GAME_FILENR              000001 REA    _UpLoaderIRQ              00C009  LAI   
__BANK0BLOCKSIZE__        000400 REA    __BLOCKSIZE__             000400 REA    
__BOOTLDR__               000001 REA    __BSS_RUN__               005593 RLA    
__BSS_SIZE__              00011E REA    __CALLIRQ__               000001 REA    
__CODE_SIZE__             00118A REA    __CONSTRUCTOR_COUNT__     000001 REA    
__CONSTRUCTOR_TABLE__     003ECE RLA    __DATA_SIZE__             000137 REA    
__DESTRUCTOR_COUNT__      000001 REA    __DESTRUCTOR_TABLE__      005454 RLA    
__GAME_CODE_LOAD__        000200 RLA    __GAME_CODE_SIZE__        000139 REA    
__GAME_DATA_SIZE__        000000 REA    __GAME_RODATA_SIZE__      000028 REA    
__INTERRUPTOR_COUNT__     000003 REA    __INTERRUPTOR_TABLE__     005456 RLA    
__LNXHDR__                000001 REA    __LOWCODE_SIZE__          000010 REA    
__MAIN_SIZE__             007A00 REA    __MAIN_START__            003E38 RLA    
__ONCE_SIZE__             00001B REA    __RODATA_SIZE__           000402 REA    
__STACKSIZE__             000800 REA    __STARTOFDIRECTORY__      0000CB REA    
__STARTUP_LOAD__          003E38 RLA    __STARTUP_SIZE__          00006D REA    
__STARTUP__               000001 REA    __UPCODE_LOAD__           00BFD3 RLA    
__UPCODE_SIZE__           00005B REA    __UPDATA_SIZE__           000001 REA    
___directerrno            003FCC RLA    ___errno                  0055B0 RLA    
___oserror                0055AF RLA    ___seterrno               003FD5 RLA    
__ctype                   005096 RLA    __ctypeidx                0050A1 RLA    
__hextab                  00505A RLA    __iodat                   00001A RLZ    
__iodir                   00001B RLZ    __sprsys                  00001D RLZ    
__viddma                  00001C RLZ    _atoi                     003FFA RLA    
_cgetc                    0040AF RLA    _exit                     003EA0 RLA    
_framecount               003FA3 RLA    _halted                   005596 RLA    
_itoa                     00429A RLA    _joy                      005593 RLA    
_joy_install              004310 RLA    _joy_read                 0054AC REA    
_joy_static_stddrv        0054F5 RLA    _kbhit                    00435D RLA    
_lseek                    004483 RLA    _lynx_160_102_16_tgi      005503 RLA    
_lynx_eeread_93c46        00414D RLA    _lynx_eewrite_93c46       004191 RLA    
_lynx_load                004432 RLA    _lynx_stdjoy_joy          0054F5 RLA    
_main                     003F88 RLA    _old_joy                  005594 RLA    
_openn                    004560 RLA    _play_game                000200 RLA    
_read                     004601 RLA    _read_input               003ED0 RLA    
_reset                    005595 RLA    _restarts                 005597 RLA    
_strlen                   004642 RLA    _tgi_charwidth            0055C5 RLA    
_tgi_clear                0054CB REA    _tgi_color                0055BC RLA    
_tgi_colorcount           0055D5 RLA    _tgi_curx                 0055B8 RLA    
_tgi_cury                 0055BA RLA    _tgi_done                 0048CF RLA    
_tgi_error                0055B6 RLA    _tgi_flags                0055DB RLA    
_tgi_font                 0055BD RLA    _tgi_fontheight           0055D8 RLA    
_tgi_fontwidth            0055D7 RLA    _tgi_getdefpalette        0054DD REA    
_tgi_gettextwidth         0048DD RLA    _tgi_getxres              004934 RLA    
_tgi_getyres              00493B RLA    _tgi_gmode                0055B7 RLA    
_tgi_gotoxy               004942 RLA    _tgi_init                 004977 RLA    
_tgi_install              004658 RLA    _tgi_ioctl                0049CF RLA    
_tgi_outtext              004A1A RLA    _tgi_outtextxy            004AAB RLA    
_tgi_setcolor             004ACC RLA    _tgi_setpalette           004ADF RLA    
_tgi_settextstyle         004AE6 RLA    _tgi_static_stddrv        005503 RLA    
_tgi_textdir              0055BE RLA    _tgi_textscaleh           0055C7 RLA    
_tgi_textscalew           0055C1 RLA    _tgi_vectorchar           004B6A RLA    
_tgi_vectorfont           0055BF RLA    _tgi_xmax                 0055CD RLA    
_tgi_xres                 0055D1 RLA    _tgi_ymax                 0055CF RLA    
_tgi_yres                 0055D3 RLA    _toascii                  004BFD RLA    
_vbl                      003FA6  LAI   addysp                    003FDF RLA    
addysp1                   003FDE RLA    aslax3                    003FEC RLA    
axlong                    00408B RLA    callirq                   00545C RLA    
callmain                  004098 RLA    ctypemaskdirect           004112 RLA    
decax1                    00412C RLA    decsp4                    004133 RLA    
decsp6                    004140 RLA    doneirq                   00427B RLA    
donelib                   004102 RLA    imul16x16r32              00422C RLA    
incsp2                    00425E RLA    incsp4                    00426C RLA    
incsp6                    004271 RLA    incsp8                    004276 RLA    
initirq                   003EC1 RLA    initlib                   003EB5 RLA    
irq_done                  00427B  LAI   irq_init                  003EC1  LAI   
joy_libref                003EA0 RLA    joy_read                  0054AC RLA    
ldax0sp                   0043F8 RLA    ldaxysp                   0043FA RLA    
ldeaxysp                  004403 RLA    lynxblock                 0044E8 RLA    
lynxread0                 0044CA RLA    lynxskip0                 0044BF RLA    
negax                     004521 RLA    negeax                    004414 RLA    
popa                      0045C7 RLA    popax                     004257 RLA    
popeax                    004451 RLA    ptr1                      000008 RLZ    
ptr2                      00000A RLZ    ptr3                      00000C RLZ    
ptr4                      00000E RLZ    push0                     0045E7 RLA    
pusha                     0045D5 RLA    pusha0                    0045E9 RLA    
pushax                    0045EB RLA    pusheax                   00446C RLA    
regbank                   000014 RLZ    sp                        000000 RLZ    
sreg                      000002 RLZ    stax0sp                   004622 RLA    
steaxysp                  00462F RLA    tgi_clear                 0054CB RLA    
tgi_clip_x1               0055E4 RLA    tgi_clip_x2               0055E8 RLA    
tgi_clip_y1               0055E6 RLA    tgi_clip_y2               0055EA RLA    
tgi_clippedline           00479B RLA    tgi_color_white           00000F REZ    
tgi_control               0054C8 RLA    tgi_curtoxy               0048BA RLA    
tgi_done                  0054C2 RLA    tgi_getdefpalette         0054DD RLA    
tgi_geterror              0054C5 RLA    tgi_imulround             004959 RLA    
tgi_init                  0054BF RLA    tgi_inv_arg               0046AE RLA    
tgi_irq                   0054F2  LAI   tgi_libref                0054F2 RLA    
tgi_line                  0054E6 RLA    tgi_outcode               0049D9 RLA    
tgi_outtext               0054EF RLA    tgi_setcolor              0054D4 RLA    
tgi_setdrawpage           0054D1 RLA    tgi_setpalette            0054D7 RLA    
tgi_setviewpage           0054CE RLA    tmp1                      000010 RLZ    
tmp2                      000011 RLZ    tmp3                      000012 RLZ    
tmp4                      000013 RLZ    tosaddeax                 00439B RLA    
tosandeax                 0043BD RLA    tosasreax                 0043DA RLA    
udiv32by16r16             004C00 RLA    umul16x16r32              004C31 RLA    
umul16x16r32m             004C35 RLA    umul8x16r16               004C5D RLA    
umul8x16r24               004C5D RLA    zerobss                   004C88 RLA    



Exports list by value:
----------------------
sp                        000000 RLZ    __GAME_DATA_SIZE__        000000 REA    
__CONSTRUCTOR_COUNT__     000001 REA    _GAME_FILENR              000001 REA    
__UPDATA_SIZE__           000001 REA    __LNXHDR__                000001 REA    
__DESTRUCTOR_COUNT__      000001 REA    __STARTUP__               000001 REA    
__BOOTLDR__               000001 REA    __CALLIRQ__               000001 REA    
sreg                      000002 RLZ    __INTERRUPTOR_COUNT__     000003 REA    
ptr1                      000008 RLZ    ptr2                      00000A RLZ    
ptr3                      00000C RLZ    ptr4                      00000E RLZ    
tgi_color_white           00000F REZ    __LOWCODE_SIZE__          000010 REA    
tmp1                      000010 RLZ    tmp2                      000011 RLZ    
tmp3                      000012 RLZ    tmp4                      000013 RLZ    
regbank                   000014 RLZ    __iodat                   00001A RLZ    
__ONCE_SIZE__             00001B REA    __iodir                   00001B RLZ    
__viddma                  00001C RLZ    __sprsys                  00001D RLZ    
_FileStartBlock           00001E RLZ    _FileEntry                00001E RLZ    
_FileBlockOffset          00001F RLZ    _FileDestAddr             000022 RLZ    
_FileFileLen              000024 RLZ    _FileCurrBlock            000026 RLZ    
_FileBlockByte            000027 RLZ    __GAME_RODATA_SIZE__      000028 REA    
_FileDestPtr              000029 RLZ    __UPCODE_SIZE__           00005B REA    
__STARTUP_SIZE__          00006D REA    __STARTOFDIRECTORY__      0000CB REA    
__BSS_SIZE__              00011E REA    __DATA_SIZE__             000137 REA    
__GAME_CODE_SIZE__        000139 REA    _play_game                000200 RLA    
__GAME_CODE_LOAD__        000200 RLA    __BLOCKSIZE__             000400 REA    
__BANK0BLOCKSIZE__        000400 REA    __RODATA_SIZE__           000402 REA    
__STACKSIZE__             000800 REA    __CODE_SIZE__             00118A REA    
__MAIN_START__            003E38 RLA    __STARTUP_LOAD__          003E38 RLA    
_exit                     003EA0 RLA    joy_libref                003EA0 RLA    
initlib                   003EB5 RLA    initirq                   003EC1 RLA    
irq_init                  003EC1  LAI   __CONSTRUCTOR_TABLE__     003ECE RLA    
_read_input               003ED0 RLA    _main                     003F88 RLA    
_framecount               003FA3 RLA    _vbl                      003FA6  LAI   
___directerrno            003FCC RLA    ___seterrno               003FD5 RLA    
addysp1                   003FDE RLA    addysp                    003FDF RLA    
aslax3                    003FEC RLA    _atoi                     003FFA RLA    
axlong                    00408B RLA    callmain                  004098 RLA    
_cgetc                    0040AF RLA    donelib                   004102 RLA    
ctypemaskdirect           004112 RLA    decax1                    00412C RLA    
decsp4                    004133 RLA    decsp6                    004140 RLA    
_lynx_eeread_93c46        00414D RLA    _lynx_eewrite_93c46       004191 RLA    
imul16x16r32              00422C RLA    popax                     004257 RLA    
incsp2                    00425E RLA    incsp4                    00426C RLA    
incsp6                    004271 RLA    incsp8                    004276 RLA    
irq_done                  00427B  LAI   doneirq                   00427B RLA    
_itoa                     00429A RLA    _joy_install              004310 RLA    
_kbhit                    00435D RLA    tosaddeax                 00439B RLA    
tosandeax                 0043BD RLA    tosasreax                 0043DA RLA    
ldax0sp                   0043F8 RLA    ldaxysp                   0043FA RLA    
ldeaxysp                  004403 RLA    negeax                    004414 RLA    
_lynx_load                004432 RLA    popeax                    004451 RLA    
pusheax                   00446C RLA    _lseek                    004483 RLA    
lynxskip0                 0044BF RLA    lynxread0                 0044CA RLA    
lynxblock                 0044E8 RLA    negax                     004521 RLA    
_openn                    004560 RLA    popa                      0045C7 RLA    
pusha                     0045D5 RLA    push0                     0045E7 RLA    
pusha0                    0045E9 RLA    pushax                    0045EB RLA    
_read                     004601 RLA    stax0sp                   004622 RLA    
steaxysp                  00462F RLA    _strlen                   004642 RLA    
_tgi_install              004658 RLA    tgi_inv_arg               0046AE RLA    
tgi_clippedline           00479B RLA    tgi_curtoxy               0048BA RLA    
_tgi_done                 0048CF RLA    _tgi_gettextwidth         0048DD RLA    
_tgi_getxres              004934 RLA    _tgi_getyres              00493B RLA    
_tgi_gotoxy               004942 RLA    tgi_imulround             004959 RLA    
_tgi_init                 004977 RLA    _tgi_ioctl                0049CF RLA    
tgi_outcode               0049D9 RLA    _tgi_outtext              004A1A RLA    
_tgi_outtextxy            004AAB RLA    _tgi_setcolor             004ACC RLA    
_tgi_setpalette           004ADF RLA    _tgi_settextstyle         004AE6 RLA    
_tgi_vectorchar           004B6A RLA    _toascii                  004BFD RLA    
udiv32by16r16             004C00 RLA    umul16x16r32              004C31 RLA    
umul16x16r32m             004C35 RLA    umul8x16r16               004C5D RLA    
umul8x16r24               004C5D RLA    zerobss                   004C88 RLA    
__hextab                  00505A RLA    __ctype                   005096 RLA    
__ctypeidx                0050A1 RLA    __DESTRUCTOR_TABLE__      005454 RLA    
__INTERRUPTOR_TABLE__     005456 RLA    callirq                   00545C RLA    
_joy_read                 0054AC REA    joy_read                  0054AC RLA    
KBEDG                     0054B1 RLA    KBSTL                     0054B2 RLA    
tgi_init                  0054BF RLA    tgi_done                  0054C2 RLA    
tgi_geterror              0054C5 RLA    tgi_control               0054C8 RLA    
tgi_clear                 0054CB RLA    _tgi_clear                0054CB REA    
tgi_setviewpage           0054CE RLA    tgi_setdrawpage           0054D1 RLA    
tgi_setcolor              0054D4 RLA    tgi_setpalette            0054D7 RLA    
_tgi_getdefpalette        0054DD REA    tgi_getdefpalette         0054DD RLA    
tgi_line                  0054E6 RLA    tgi_outtext               0054EF RLA    
tgi_libref                0054F2 RLA    tgi_irq                   0054F2  LAI   
_lynx_stdjoy_joy          0054F5 RLA    _joy_static_stddrv        0054F5 RLA    
_tgi_static_stddrv        005503 RLA    _lynx_160_102_16_tgi      005503 RLA    
_joy                      005593 RLA    __BSS_RUN__               005593 RLA    
_old_joy                  005594 RLA    _reset                    005595 RLA    
_halted                   005596 RLA    _restarts                 005597 RLA    
___oserror                0055AF RLA    ___errno                  0055B0 RLA    
_tgi_error                0055B6 RLA    _tgi_gmode                0055B7 RLA    
_tgi_curx                 0055B8 RLA    _tgi_cury                 0055BA RLA    
_tgi_color                0055BC RLA    _tgi_font                 0055BD RLA    
_tgi_textdir              0055BE RLA    _tgi_vectorfont           0055BF RLA    
_tgi_textscalew           0055C1 RLA    _tgi_charwidth            0055C5 RLA    
_tgi_textscaleh           0055C7 RLA    _tgi_xmax                 0055CD RLA    
_tgi_ymax                 0055CF RLA    _tgi_xres                 0055D1 RLA    
_tgi_yres                 0055D3 RLA    _tgi_colorcount           0055D5 RLA    
_tgi_fontwidth            0055D7 RLA    _tgi_fontheight           0055D8 RLA    
_tgi_flags                0055DB RLA    tgi_clip_x1               0055E4 RLA    
tgi_clip_y1               0055E6 RLA    tgi_clip_x2               0055E8 RLA    
tgi_clip_y2               0055EA RLA    __MAIN_SIZE__             007A00 REA    
__UPCODE_LOAD__           00BFD3 RLA    _UpLoaderIRQ              00C009  LAI   



Imports list:
-------------
KBEDG (kbhit.o):
    cgetc.o                   lynx/cgetc.s:9
KBSTL (kbhit.o):
    cgetc.o                   lynx/cgetc.s:10
_FileBlockByte (extzp.o):
    lynx-cart.o               lynx/extzp.inc:22
    bootldr.o                 lynx/extzp.inc:22
_FileBlockOffset (extzp.o):
    open.o                    lynx/open.s:30
    bootldr.o                 lynx/extzp.inc:17
_FileCurrBlock (extzp.o):
    lynx-cart.o               lynx/extzp.inc:21
    lseek.o                   lynx/lseek.s:22
    open.o                    lynx/open.s:29
    bootldr.o                 lynx/extzp.inc:21
    uploader.o                extzp.inc:21
_FileDestAddr (extzp.o):
    load.o                    lynx/load.s:11
    bootldr.o                 lynx/extzp.inc:19
    uploader.o                extzp.inc:19
_FileDestPtr (extzp.o):
    lynx-cart.o               lynx/extzp.inc:23
    read.o                    lynx/read.s:15
    bootldr.o                 lynx/extzp.inc:23
_FileEntry (extzp.o):
    open.o                    lynx/open.s:27
    bootldr.o                 lynx/extzp.inc:15
_FileFileLen (extzp.o):
    load.o                    lynx/load.s:10
    bootldr.o                 lynx/extzp.inc:20
    uploader.o                extzp.inc:20
_FileStartBlock (extzp.o):
    open.o                    lynx/open.s:28
    bootldr.o                 lynx/extzp.inc:16
_GAME_FILENR (directory.o):
    main.o                    main.s:28
__BANK0BLOCKSIZE__ ([linker generated]):
    bootldr.o                 lynx/bootldr.s:8
    directory.o               directory.asm:1
    lnxheader.o               lnxheader.asm:6
__BLOCKSIZE__ ([linker generated]):
    lynx-cart.o               lynx/lynx-cart.s:20
    lseek.o                   lynx/lseek.s:21
__BOOTLDR__ (bootldr.o):
    [linker generated]        atarilynxgame.debug.cfg:13
__BSS_RUN__ ([linker generated]):
    zerobss.o                 common/zerobss.s:8
__BSS_SIZE__ ([linker generated]):
    zerobss.o                 common/zerobss.s:8
__CALLIRQ__ (callirq.o):
    tgi_irq.o                 lynx/tgi_irq.s:11
    vbl.o                     vbl.asm:13
    uploader.o                uploader.asm:48
__CODE_SIZE__ ([linker generated]):
    directory.o               directory.asm:14
__CONSTRUCTOR_COUNT__ ([linker generated]):
    condes.o                  runtime/condes.s:18
__CONSTRUCTOR_TABLE__ ([linker generated]):
    condes.o                  runtime/condes.s:18
__DATA_SIZE__ ([linker generated]):
    directory.o               directory.asm:15
__DESTRUCTOR_COUNT__ ([linker generated]):
    condes.o                  runtime/condes.s:19
__DESTRUCTOR_TABLE__ ([linker generated]):
    condes.o                  runtime/condes.s:19
__GAME_CODE_LOAD__ ([linker generated]):
    directory.o               directory.asm:19
__GAME_CODE_SIZE__ ([linker generated]):
    directory.o               directory.asm:20
__GAME_DATA_SIZE__ ([linker generated]):
    directory.o               directory.asm:21
__GAME_RODATA_SIZE__ ([linker generated]):
    directory.o               directory.asm:22
__INTERRUPTOR_COUNT__ ([linker generated]):
    callirq.o                 runtime/callirq.s:36
__INTERRUPTOR_TABLE__ ([linker generated]):
    callirq.o                 runtime/callirq.s:36
__LNXHDR__ (lnxheader.o):
    [linker generated]        atarilynxgame.debug.cfg:9
__LOWCODE_SIZE__ ([linker generated]):
    directory.o               directory.asm:12
__MAIN_SIZE__ ([linker generated]):
    crt0.o                    lynx/crt0.s:25
__MAIN_START__ ([linker generated]):
    crt0.o                    lynx/crt0.s:25
__ONCE_SIZE__ ([linker generated]):
    directory.o               directory.asm:13
__RODATA_SIZE__ ([linker generated]):
    directory.o               directory.asm:16
__STACKSIZE__ ([linker generated]):
    crt0.o                    lynx/crt0.s:25
__STARTOFDIRECTORY__ ([linker generated]):
    open.o                    lynx/open.s:31
    directory.o               directory.asm:2
__STARTUP_LOAD__ ([linker generated]):
    directory.o               directory.asm:10
__STARTUP_SIZE__ ([linker generated]):
    directory.o               directory.asm:11
__STARTUP__ (crt0.o):
    main.o                    main.s:13
__UPCODE_LOAD__ ([linker generated]):
    directory.o               directory.asm:25
__UPCODE_SIZE__ ([linker generated]):
    directory.o               directory.asm:24
__UPDATA_SIZE__ ([linker generated]):
    directory.o               directory.asm:26
___directerrno (_directerrno.o):
    open.o                    /sdk/cc65/asminc/errno.inc:10
___errno (errno.o):
    _seterrno.o               /sdk/cc65/asminc/errno.inc:7
___oserror (_oserror.o):
    _directerrno.o            /sdk/cc65/asminc/errno.inc:7
    open.o                    /sdk/cc65/asminc/errno.inc:7
___seterrno (_seterrno.o):
    _directerrno.o            /sdk/cc65/asminc/errno.inc:9
__ctype (ctype.o):
    ctypemask.o               common/ctypemask.s:23
__ctypeidx (ctype.o):
    ctypemask.o               common/ctypemask.s:24
__hextab (_hextab.o):
    itoa.o                    common/itoa.s:10
__iodat (extzp.o):
    lynx-cart.o               lynx/extzp.inc:11
    crt0.o                    lynx/extzp.inc:11
    bootldr.o                 lynx/extzp.inc:11
__iodir (extzp.o):
    crt0.o                    lynx/extzp.inc:12
__sprsys (extzp.o):
    lynx-160-102-16-tgi.o     lynx/tgi/../extzp.inc:14
    crt0.o                    lynx/extzp.inc:14
__viddma (extzp.o):
    lynx-160-102-16-tgi.o     lynx/tgi/../extzp.inc:13
    crt0.o                    lynx/extzp.inc:13
_atoi (atoi.o):
    open.o                    lynx/open.s:20
_cgetc (cgetc.o):
    main.o                    main.s:24
_exit (crt0.o):
    libref.o                  lynx/libref.s:6
_framecount (vbl.o):
    game.o                    game/game.s:20
_halted (main.o):
    game.o                    game/game.s:25
_itoa (itoa.o):
    game.o                    game/game.s:19
_joy (main.o):
    game.o                    game/game.s:22
_joy_install (joy-kernel.o):
    main.o                    main.s:26
_joy_read (joy_read.o):
    main.o                    main.s:27
_joy_static_stddrv (joy_stat_stddrv.o):
    main.o                    main.s:25
_kbhit (kbhit.o):
    cgetc.o                   lynx/cgetc.s:8
    main.o                    main.s:23
_lseek (lseek.o):
    open.o                    lynx/open.s:22
_lynx_160_102_16_tgi (lynx-160-102-16-tgi.o):
    tgi_stat_stddrv.o         lynx/tgi_stat_stddrv.s:10
_lynx_eeread_93c46 (eeprom46.o):
    [linker generated]        atarilynxgame.debug.cfg:37
_lynx_eewrite_93c46 (eeprom46.o):
    [linker generated]        atarilynxgame.debug.cfg:38
_lynx_load (load.o):
    main.o                    main.s:14
_lynx_stdjoy_joy (lynx-stdjoy-joy.o):
    joy_stat_stddrv.o         lynx/joy_stat_stddrv.s:10
_main (main.o):
    callmain.o                runtime/callmain.s:11
_old_joy (main.o):
    game.o                    game/game.s:23
_openn (open.o):
    load.o                    lynx/load.s:13
_play_game (game.o):
    main.o                    main.s:35
_read (read.o):
    open.o                    lynx/open.s:21
    load.o                    lynx/load.s:14
_read_input (main.o):
    game.o                    game/game.s:21
_reset (main.o):
    game.o                    game/game.s:24
_restarts (main.o):
    game.o                    game/game.s:26
_strlen (strlen.o):
    tgi_gettextwidth.o        tgi/tgi_gettextwidth.s:10
_tgi_charwidth (tgi-kernel.o):
    tgi_gettextwidth.o        /sdk/cc65/asminc/tgi-kernel.inc:126
_tgi_clear (tgi_clear.o):
    game.o                    game/game.s:13
    main.o                    main.s:18
_tgi_color (tgi-kernel.o):
    tgi_setcolor.o            /sdk/cc65/asminc/tgi-kernel.inc:120
_tgi_colorcount (tgi-kernel.o):
    tgi_setcolor.o            /sdk/cc65/asminc/tgi-kernel.inc:132
_tgi_curx (tgi-kernel.o):
    tgi_curtoxy.o             /sdk/cc65/asminc/tgi-kernel.inc:118
    tgi_vectorchar.o          /sdk/cc65/asminc/tgi-kernel.inc:118
    tgi_outtextxy.o           /sdk/cc65/asminc/tgi-kernel.inc:118
    tgi_outtext.o             /sdk/cc65/asminc/tgi-kernel.inc:118
    tgi_gotoxy.o              /sdk/cc65/asminc/tgi-kernel.inc:118
_tgi_cury (tgi-kernel.o):
    tgi_curtoxy.o             /sdk/cc65/asminc/tgi-kernel.inc:119
    tgi_outtextxy.o           /sdk/cc65/asminc/tgi-kernel.inc:119
    tgi_gotoxy.o              /sdk/cc65/asminc/tgi-kernel.inc:119
_tgi_done (tgi_done.o):
    tgi_init.o                /sdk/cc65/asminc/tgi-kernel.inc:193
    tgi-kernel.o              /sdk/cc65/asminc/tgi-kernel.inc:193
_tgi_error (tgi-kernel.o):
    tgi_init.o                /sdk/cc65/asminc/tgi-kernel.inc:116
_tgi_flags (tgi-kernel.o):
    tgi_settextstyle.o        /sdk/cc65/asminc/tgi-kernel.inc:137
_tgi_font (tgi-kernel.o):
    tgi_gettextwidth.o        /sdk/cc65/asminc/tgi-kernel.inc:121
    tgi_settextstyle.o        /sdk/cc65/asminc/tgi-kernel.inc:121
    tgi_outtext.o             /sdk/cc65/asminc/tgi-kernel.inc:121
_tgi_fontheight (tgi-kernel.o):
    tgi_settextstyle.o        /sdk/cc65/asminc/tgi-kernel.inc:135
_tgi_fontwidth (tgi-kernel.o):
    tgi_settextstyle.o        /sdk/cc65/asminc/tgi-kernel.inc:134
_tgi_getdefpalette (tgi_getdefpalette.o):
    main.o                    main.s:21
_tgi_gettextwidth (tgi_gettextwidth.o):
    tgi_outtext.o             /sdk/cc65/asminc/tgi-kernel.inc:208
_tgi_getxres (tgi_getxres.o):
    tgi_init.o                /sdk/cc65/asminc/tgi-kernel.inc:209
_tgi_getyres (tgi_getyres.o):
    tgi_init.o                /sdk/cc65/asminc/tgi-kernel.inc:210
_tgi_gmode (tgi-kernel.o):
    tgi_init.o                /sdk/cc65/asminc/tgi-kernel.inc:117
    tgi_done.o                /sdk/cc65/asminc/tgi-kernel.inc:117
_tgi_gotoxy (tgi_gotoxy.o):
    game.o                    game/game.s:14
_tgi_init (tgi_init.o):
    main.o                    main.s:17
_tgi_install (tgi-kernel.o):
    main.o                    main.s:16
_tgi_ioctl (tgi_ioctl.o):
    game.o                    game/game.s:17
    main.o                    main.s:22
_tgi_outtext (tgi_outtext.o):
    tgi_outtextxy.o           /sdk/cc65/asminc/tgi-kernel.inc:220
    game.o                    game/game.s:15
_tgi_outtextxy (tgi_outtextxy.o):
    game.o                    game/game.s:16
_tgi_setcolor (tgi_setcolor.o):
    tgi_init.o                /sdk/cc65/asminc/tgi-kernel.inc:224
    main.o                    main.s:19
_tgi_setpalette (tgi_setpalette.o):
    main.o                    main.s:20
_tgi_settextstyle (tgi_settextstyle.o):
    tgi_init.o                /sdk/cc65/asminc/tgi-kernel.inc:230
_tgi_static_stddrv (tgi_stat_stddrv.o):
    main.o                    main.s:15
_tgi_textdir (tgi-kernel.o):
    tgi_vectorchar.o          /sdk/cc65/asminc/tgi-kernel.inc:122
    tgi_settextstyle.o        /sdk/cc65/asminc/tgi-kernel.inc:122
    tgi_outtext.o             /sdk/cc65/asminc/tgi-kernel.inc:122
_tgi_textscaleh (tgi-kernel.o):
    tgi_vectorchar.o          /sdk/cc65/asminc/tgi-kernel.inc:125
_tgi_textscalew (tgi-kernel.o):
    tgi_gettextwidth.o        /sdk/cc65/asminc/tgi-kernel.inc:124
    tgi_vectorchar.o          /sdk/cc65/asminc/tgi-kernel.inc:124
    tgi_settextstyle.o        /sdk/cc65/asminc/tgi-kernel.inc:124
    tgi_outtext.o             /sdk/cc65/asminc/tgi-kernel.inc:124
_tgi_vectorchar (tgi_vectorchar.o):
    tgi_outtext.o             /sdk/cc65/asminc/tgi-vectorfont.inc:67
_tgi_vectorfont (tgi-kernel.o):
    tgi_gettextwidth.o        /sdk/cc65/asminc/tgi-kernel.inc:123
    tgi_vectorchar.o          /sdk/cc65/asminc/tgi-kernel.inc:123
    tgi_outtext.o             /sdk/cc65/asminc/tgi-kernel.inc:123
_tgi_xmax (tgi-kernel.o):
    tgi_clippedline.o         /sdk/cc65/asminc/tgi-kernel.inc:130
    tgi_init.o                /sdk/cc65/asminc/tgi-kernel.inc:130
_tgi_xres (tgi-kernel.o):
    tgi_outcode.o             /sdk/cc65/asminc/tgi-kernel.inc:128
    tgi_getxres.o             /sdk/cc65/asminc/tgi-kernel.inc:128
_tgi_ymax (tgi-kernel.o):
    tgi_clippedline.o         /sdk/cc65/asminc/tgi-kernel.inc:131
    tgi_init.o                /sdk/cc65/asminc/tgi-kernel.inc:131
_tgi_yres (tgi-kernel.o):
    tgi_outcode.o             /sdk/cc65/asminc/tgi-kernel.inc:129
    tgi_getyres.o             /sdk/cc65/asminc/tgi-kernel.inc:129
_toascii (toascii.o):
    tgi_gettextwidth.o        tgi/tgi_gettextwidth.s:10
    tgi_outtext.o             tgi/tgi_outtext.s:12
addysp (addysp.o):
    incsp4.o                  runtime/incsp4.s:8
    incsp8.o                  runtime/incsp8.s:8
    incsp6.o                  runtime/incsp6.s:8
    open.o                    lynx/open.s:23
addysp1 (addysp.o):
    land.o                    runtime/land.s:9
    ladd.o                    runtime/ladd.s:8
    tgi_outtextxy.o           tgi/tgi_outtextxy.s:10
    itoa.o                    common/itoa.s:9
aslax3 (aslax3.o):
    open.o                    lynx/open.s:24
axlong (axlong.o):
    lseek.o                   lynx/lseek.s:19
    open.o                    lynx/open.s:24
callirq (callirq.o):
    irq.o                     lynx/irq.s:6
callmain (callmain.o):
    crt0.o                    lynx/crt0.s:23
ctypemaskdirect (ctypemask.o):
    atoi.o                    common/atoi.s:11
decax1 (decax1.o):
    tgi_init.o                tgi/tgi_init.s:11
decsp4 (decsp4.o):
    lpush.o                   runtime/lpush.s:12
decsp6 (decsp6.o):
    open.o                    lynx/open.s:23
doneirq (irq.o):
    callirq.o                 runtime/callirq.s:38
donelib (condes.o):
    crt0.o                    lynx/crt0.s:21
imul16x16r32 (imul16x16r32.o):
    tgi_imulround.o           tgi/tgi_imulround.s:14
incsp2 (incsp2.o):
    load.o                    lynx/load.s:12
incsp4 (incsp4.o):
    lpop.o                    runtime/lpop.s:9
incsp6 (incsp6.o):
    read.o                    lynx/read.s:17
incsp8 (incsp8.o):
    lseek.o                   lynx/lseek.s:18
    open.o                    lynx/open.s:24
initirq (irq.o):
    callirq.o                 runtime/callirq.s:37
initlib (condes.o):
    crt0.o                    lynx/crt0.s:21
joy_libref (libref.o):
    joy-kernel.o              joystick/joy-kernel.s:7
joy_read (joy-kernel.o):
    joy_read.o                /sdk/cc65/asminc/joy-kernel.inc:71
ldax0sp (ldaxsp.o):
    read.o                    lynx/read.s:17
    load.o                    lynx/load.s:12
ldaxysp (ldaxsp.o):
    read.o                    lynx/read.s:17
    open.o                    lynx/open.s:23
ldeaxysp (ldeaxysp.o):
    lseek.o                   lynx/lseek.s:18
lynxblock (lynx-cart.o):
    lseek.o                   lynx/lseek.s:20
    open.o                    lynx/open.s:26
lynxread0 (lynx-cart.o):
    read.o                    lynx/read.s:16
lynxskip0 (lynx-cart.o):
    lseek.o                   lynx/lseek.s:20
    open.o                    lynx/open.s:26
negax (negabs.o):
    imul16x16r32.o            runtime/imul16x16r32.s:8
    tgi_clippedline.o         tgi/tgi_clippedline.s:9
    tgi_outtext.o             tgi/tgi_outtext.s:13
negeax (lneg.o):
    imul16x16r32.o            runtime/imul16x16r32.s:8
    atoi.o                    common/atoi.s:9
popa (popa.o):
    tgi_settextstyle.o        tgi/tgi_settextstyle.s:10
    tgi_ioctl.o               tgi/tgi_ioctl.s:13
popax (incsp2.o):
    tgi_imulround.o           tgi/tgi_imulround.s:14
    tgi_settextstyle.o        tgi/tgi_settextstyle.s:10
    tgi_gotoxy.o              tgi/tgi_gotoxy.s:10
    open.o                    lynx/open.s:23
    eeprom46.o                lynx/eeprom46.s:30
popeax (lpop.o):
    lasr.o                    runtime/lasr.s:15
ptr1 (zeropage.o):
    imul16x16r32.o            /sdk/cc65/asminc/zeropage.inc:12
    umul16x16r32.o            /sdk/cc65/asminc/zeropage.inc:12
    udiv32by16r16.o           /sdk/cc65/asminc/zeropage.inc:12
    tgi_imulround.o           /sdk/cc65/asminc/zeropage.inc:12
    tgi_gettextwidth.o        /sdk/cc65/asminc/zeropage.inc:12
    tgi_curtoxy.o             tgi/tgi_curtoxy.s:9
    tgi_clippedline.o         /sdk/cc65/asminc/zeropage.inc:12
    atoi.o                    common/atoi.s:10
    lynx-160-102-16-tgi.o     /sdk/cc65/asminc/zeropage.inc:12
    zerobss.o                 common/zerobss.s:9
    umul8x16r24.o             /sdk/cc65/asminc/zeropage.inc:12
    tgi_vectorchar.o          /sdk/cc65/asminc/zeropage.inc:12
    tgi_settextstyle.o        /sdk/cc65/asminc/zeropage.inc:12
    tgi_setpalette.o          tgi/tgi_setpalette.s:12
    tgi_outtext.o             /sdk/cc65/asminc/zeropage.inc:12
    tgi_ioctl.o               tgi/tgi_ioctl.s:14
    tgi_init.o                tgi/tgi_init.s:12
    tgi-kernel.o              tgi/tgi-kernel.s:8
    joy-kernel.o              joystick/joy-kernel.s:8
    eeprom46.o                lynx/eeprom46.s:31
ptr2 (zeropage.o):
    strlen.o                  common/strlen.s:12
    udiv32by16r16.o           /sdk/cc65/asminc/zeropage.inc:12
    tgi_gettextwidth.o        /sdk/cc65/asminc/zeropage.inc:12
    tgi_curtoxy.o             tgi/tgi_curtoxy.s:9
    tgi_clippedline.o         /sdk/cc65/asminc/zeropage.inc:12
    atoi.o                    common/atoi.s:10
    lynx-160-102-16-tgi.o     /sdk/cc65/asminc/zeropage.inc:12
    itoa.o                    common/itoa.s:11
ptr3 (zeropage.o):
    imul16x16r32.o            /sdk/cc65/asminc/zeropage.inc:12
    umul16x16r32.o            /sdk/cc65/asminc/zeropage.inc:12
    udiv32by16r16.o           /sdk/cc65/asminc/zeropage.inc:12
    tgi_gettextwidth.o        /sdk/cc65/asminc/zeropage.inc:12
    lynx-160-102-16-tgi.o     /sdk/cc65/asminc/zeropage.inc:12
    umul8x16r24.o             /sdk/cc65/asminc/zeropage.inc:12
    tgi_outtext.o             /sdk/cc65/asminc/zeropage.inc:12
    itoa.o                    common/itoa.s:11
ptr4 (zeropage.o):
    lynx-160-102-16-tgi.o     /sdk/cc65/asminc/zeropage.inc:12
push0 (pushax.o):
    game.o                    game/game.s:377
pusha (pusha.o):
    tgi_init.o                tgi/tgi_init.s:11
    game.o                    game/game.s:377
    game.o                    game/game.s:377
    main.o                    main.s:308
    main.o                    main.s:308
pusha0 (pushax.o):
    open.o                    lynx/open.s:23
    load.o                    lynx/load.s:12
    game.o                    game/game.s:377
    game.o                    game/game.s:377
pushax (pushax.o):
    lseek.o                   lynx/lseek.s:18
    callmain.o                runtime/callmain.s:11
    tgi_init.o                tgi/tgi_init.s:11
    read.o                    lynx/read.s:17
    open.o                    lynx/open.s:23
    load.o                    lynx/load.s:12
    game.o                    game/game.s:377
pusheax (lpush.o):
    lseek.o                   lynx/lseek.s:17
    open.o                    lynx/open.s:23
regbank (zeropage.o):
    tgi_vectorchar.o          /sdk/cc65/asminc/zeropage.inc:14
    tgi_outtext.o             /sdk/cc65/asminc/zeropage.inc:14
sp (zeropage.o):
    lpop.o                    runtime/lpop.s:10
    ldeaxysp.o                runtime/ldeaxysp.s:12
    land.o                    runtime/land.s:10
    decsp4.o                  runtime/decsp4.s:8
    popa.o                    runtime/popa.s:8
    lpush.o                   runtime/lpush.s:13
    ldaxsp.o                  runtime/ldaxsp.s:8
    ladd.o                    runtime/ladd.s:9
    decsp6.o                  runtime/decsp6.s:8
    addysp.o                  runtime/addysp.s:8
    tgi_outtextxy.o           tgi/tgi_outtextxy.s:11
    steaxsp.o                 runtime/steaxsp.s:8
    staxsp.o                  runtime/staxsp.s:8
    pushax.o                  runtime/pushax.s:8
    pusha.o                   runtime/pusha.s:8
    itoa.o                    common/itoa.s:11
    incsp2.o                  runtime/incsp2.s:8
    crt0.o                    /sdk/cc65/asminc/zeropage.inc:11
sreg (zeropage.o):
    lpop.o                    runtime/lpop.s:10
    ldeaxysp.o                runtime/ldeaxysp.s:12
    lasr.o                    runtime/lasr.s:16
    land.o                    runtime/land.s:10
    umul16x16r32.o            /sdk/cc65/asminc/zeropage.inc:11
    udiv32by16r16.o           /sdk/cc65/asminc/zeropage.inc:11
    tgi_imulround.o           /sdk/cc65/asminc/zeropage.inc:11
    tgi_clippedline.o         /sdk/cc65/asminc/zeropage.inc:11
    lpush.o                   runtime/lpush.s:13
    lneg.o                    runtime/lneg.s:11
    ladd.o                    runtime/ladd.s:9
    axlong.o                  runtime/axlong.s:9
    atoi.o                    common/atoi.s:10
    umul8x16r24.o             /sdk/cc65/asminc/zeropage.inc:11
    steaxsp.o                 runtime/steaxsp.s:8
    open.o                    lynx/open.s:18
    itoa.o                    common/itoa.s:11
stax0sp (staxsp.o):
    open.o                    lynx/open.s:24
steaxysp (steaxsp.o):
    open.o                    lynx/open.s:24
tgi_clear (tgi-kernel.o):
    tgi_clear.o               /sdk/cc65/asminc/tgi-kernel.inc:156
tgi_clip_x1 (tgi_outcode.o):
    tgi_clippedline.o         /sdk/cc65/asminc/tgi-kernel.inc:142
    tgi_vectorchar.o          /sdk/cc65/asminc/tgi-kernel.inc:142
tgi_clip_x2 (tgi_outcode.o):
    tgi_clippedline.o         /sdk/cc65/asminc/tgi-kernel.inc:144
tgi_clip_y1 (tgi_outcode.o):
    tgi_clippedline.o         /sdk/cc65/asminc/tgi-kernel.inc:143
tgi_clip_y2 (tgi_outcode.o):
    tgi_clippedline.o         /sdk/cc65/asminc/tgi-kernel.inc:145
tgi_clippedline (tgi_clippedline.o):
    tgi_vectorchar.o          /sdk/cc65/asminc/tgi-kernel.inc:174
tgi_color_white (tgi_colors.o):
    tgi_init.o                /sdk/cc65/asminc/tgi-kernel.inc:110
tgi_control (tgi-kernel.o):
    tgi_ioctl.o               /sdk/cc65/asminc/tgi-kernel.inc:155
tgi_curtoxy (tgi_curtoxy.o):
    tgi_outtext.o             /sdk/cc65/asminc/tgi-kernel.inc:175
tgi_done (tgi-kernel.o):
    tgi_done.o                /sdk/cc65/asminc/tgi-kernel.inc:153
tgi_getdefpalette (tgi-kernel.o):
    tgi_init.o                /sdk/cc65/asminc/tgi-kernel.inc:162
    tgi_getdefpalette.o       /sdk/cc65/asminc/tgi-kernel.inc:162
tgi_geterror (tgi-kernel.o):
    tgi_init.o                /sdk/cc65/asminc/tgi-kernel.inc:154
tgi_imulround (tgi_imulround.o):
    tgi_gettextwidth.o        /sdk/cc65/asminc/tgi-kernel.inc:177
    tgi_vectorchar.o          /sdk/cc65/asminc/tgi-kernel.inc:177
    tgi_outtext.o             /sdk/cc65/asminc/tgi-kernel.inc:177
tgi_init (tgi-kernel.o):
    tgi_init.o                /sdk/cc65/asminc/tgi-kernel.inc:152
tgi_inv_arg (tgi-kernel.o):
    tgi_setcolor.o            /sdk/cc65/asminc/tgi-kernel.inc:178
tgi_libref (tgi_irq.o):
    tgi-kernel.o              tgi/tgi-kernel.s:7
tgi_line (tgi-kernel.o):
    tgi_clippedline.o         /sdk/cc65/asminc/tgi-kernel.inc:165
tgi_outcode (tgi_outcode.o):
    tgi_clippedline.o         /sdk/cc65/asminc/tgi-kernel.inc:181
tgi_outtext (tgi-kernel.o):
    tgi_outtext.o             /sdk/cc65/asminc/tgi-kernel.inc:168
tgi_setcolor (tgi-kernel.o):
    tgi_setcolor.o            /sdk/cc65/asminc/tgi-kernel.inc:159
tgi_setdrawpage (tgi-kernel.o):
    tgi_init.o                /sdk/cc65/asminc/tgi-kernel.inc:158
tgi_setpalette (tgi-kernel.o):
    tgi_setpalette.o          /sdk/cc65/asminc/tgi-kernel.inc:160
    tgi_init.o                /sdk/cc65/asminc/tgi-kernel.inc:160
tgi_setviewpage (tgi-kernel.o):
    tgi_init.o                /sdk/cc65/asminc/tgi-kernel.inc:157
tmp1 (zeropage.o):
    lasr.o                    runtime/lasr.s:16
    land.o                    runtime/land.s:10
    imul16x16r32.o            /sdk/cc65/asminc/zeropage.inc:13
    tgi_outcode.o             /sdk/cc65/asminc/zeropage.inc:13
    tgi_clippedline.o         /sdk/cc65/asminc/zeropage.inc:13
    ladd.o                    runtime/ladd.s:9
    atoi.o                    common/atoi.s:10
    aslax3.o                  runtime/aslax3.s:8
    lynx-160-102-16-tgi.o     /sdk/cc65/asminc/zeropage.inc:13
    itoa.o                    common/itoa.s:11
    game.o                    game/game.s:11
    main.o                    main.s:11
tmp2 (zeropage.o):
    lynx-160-102-16-tgi.o     /sdk/cc65/asminc/zeropage.inc:13
tmp3 (zeropage.o):
    lynx-160-102-16-tgi.o     /sdk/cc65/asminc/zeropage.inc:13
    open.o                    lynx/open.s:18
tmp4 (zeropage.o):
    lynx-160-102-16-tgi.o     /sdk/cc65/asminc/zeropage.inc:13
tosaddeax (ladd.o):
    open.o                    lynx/open.s:24
tosandeax (land.o):
    lseek.o                   lynx/lseek.s:19
tosasreax (lasr.o):
    lseek.o                   lynx/lseek.s:20
udiv32by16r16 (udiv32by16r16.o):
    tgi_clippedline.o         tgi/tgi_clippedline.s:8
umul16x16r32 (umul16x16r32.o):
    tgi_clippedline.o         tgi/tgi_clippedline.s:8
umul16x16r32m (umul16x16r32.o):
    imul16x16r32.o            runtime/imul16x16r32.s:8
umul8x16r16 (umul8x16r24.o):
    tgi_gettextwidth.o        tgi/tgi_gettextwidth.s:11
umul8x16r24 (umul8x16r24.o):
    tgi_settextstyle.o        tgi/tgi_settextstyle.s:9
zerobss (zerobss.o):
    crt0.o                    lynx/crt0.s:22

